Archive member included to satisfy reference by file (symbol)

d:/courses/embedded/embedded systems/imt sdk/imt_sdk_win_64/winarm/armgcc/bin/../lib/gcc/arm-none-eabi/7.2.1/../../../../arm-none-eabi/lib/thumb/v7e-m\libg_nano.a(lib_a-errno.o)
                              ./system/src/newlib/_sbrk.o (__errno)
d:/courses/embedded/embedded systems/imt sdk/imt_sdk_win_64/winarm/armgcc/bin/../lib/gcc/arm-none-eabi/7.2.1/../../../../arm-none-eabi/lib/thumb/v7e-m\libg_nano.a(lib_a-impure.o)
                              d:/courses/embedded/embedded systems/imt sdk/imt_sdk_win_64/winarm/armgcc/bin/../lib/gcc/arm-none-eabi/7.2.1/../../../../arm-none-eabi/lib/thumb/v7e-m\libg_nano.a(lib_a-errno.o) (_impure_ptr)

Allocating common symbols
Common symbol       size              file

errno               0x4               ./system/src/newlib/_syscalls.o
uwTick              0x4               ./system/src/stm32f4-hal/stm32f4xx_hal.o
pFlash              0x20              ./system/src/stm32f4-hal/stm32f4xx_hal_flash.o
SystemTasks         0x50              ./src/RTOS_prg.o

Discarded input sections

 .text          0x00000000        0x0 ./system/src/stm32f4-hal/stm32f4xx_hal.o
 .data          0x00000000        0x0 ./system/src/stm32f4-hal/stm32f4xx_hal.o
 .bss           0x00000000        0x0 ./system/src/stm32f4-hal/stm32f4xx_hal.o
 .text.HAL_MspInit
                0x00000000        0x2 ./system/src/stm32f4-hal/stm32f4xx_hal.o
 .text.HAL_MspDeInit
                0x00000000        0x2 ./system/src/stm32f4-hal/stm32f4xx_hal.o
 .text.HAL_DeInit
                0x00000000       0x2c ./system/src/stm32f4-hal/stm32f4xx_hal.o
 .text.HAL_InitTick
                0x00000000       0x28 ./system/src/stm32f4-hal/stm32f4xx_hal.o
 .text.HAL_Init
                0x00000000       0x34 ./system/src/stm32f4-hal/stm32f4xx_hal.o
 .text.HAL_IncTick
                0x00000000       0x10 ./system/src/stm32f4-hal/stm32f4xx_hal.o
 .text.HAL_GetTick
                0x00000000        0xc ./system/src/stm32f4-hal/stm32f4xx_hal.o
 .text.HAL_Delay
                0x00000000       0x1a ./system/src/stm32f4-hal/stm32f4xx_hal.o
 .text.HAL_SuspendTick
                0x00000000       0x10 ./system/src/stm32f4-hal/stm32f4xx_hal.o
 .text.HAL_ResumeTick
                0x00000000       0x10 ./system/src/stm32f4-hal/stm32f4xx_hal.o
 .text.HAL_GetHalVersion
                0x00000000        0x8 ./system/src/stm32f4-hal/stm32f4xx_hal.o
 .text.HAL_GetREVID
                0x00000000        0xc ./system/src/stm32f4-hal/stm32f4xx_hal.o
 .text.HAL_GetDEVID
                0x00000000       0x10 ./system/src/stm32f4-hal/stm32f4xx_hal.o
 .text.HAL_DBGMCU_EnableDBGSleepMode
                0x00000000       0x10 ./system/src/stm32f4-hal/stm32f4xx_hal.o
 .text.HAL_DBGMCU_DisableDBGSleepMode
                0x00000000       0x10 ./system/src/stm32f4-hal/stm32f4xx_hal.o
 .text.HAL_DBGMCU_EnableDBGStopMode
                0x00000000       0x10 ./system/src/stm32f4-hal/stm32f4xx_hal.o
 .text.HAL_DBGMCU_DisableDBGStopMode
                0x00000000       0x10 ./system/src/stm32f4-hal/stm32f4xx_hal.o
 .text.HAL_DBGMCU_EnableDBGStandbyMode
                0x00000000       0x10 ./system/src/stm32f4-hal/stm32f4xx_hal.o
 .text.HAL_DBGMCU_DisableDBGStandbyMode
                0x00000000       0x10 ./system/src/stm32f4-hal/stm32f4xx_hal.o
 .text.HAL_EnableCompensationCell
                0x00000000       0x18 ./system/src/stm32f4-hal/stm32f4xx_hal.o
 .text.HAL_DisableCompensationCell
                0x00000000       0x1c ./system/src/stm32f4-hal/stm32f4xx_hal.o
 .debug_info    0x00000000     0x1076 ./system/src/stm32f4-hal/stm32f4xx_hal.o
 .debug_abbrev  0x00000000      0x340 ./system/src/stm32f4-hal/stm32f4xx_hal.o
 .debug_loc     0x00000000       0x92 ./system/src/stm32f4-hal/stm32f4xx_hal.o
 .debug_aranges
                0x00000000       0xb8 ./system/src/stm32f4-hal/stm32f4xx_hal.o
 .debug_ranges  0x00000000       0xa8 ./system/src/stm32f4-hal/stm32f4xx_hal.o
 .debug_line    0x00000000      0x3a7 ./system/src/stm32f4-hal/stm32f4xx_hal.o
 .debug_str     0x00000000      0xd34 ./system/src/stm32f4-hal/stm32f4xx_hal.o
 .comment       0x00000000       0x7f ./system/src/stm32f4-hal/stm32f4xx_hal.o
 .debug_frame   0x00000000      0x184 ./system/src/stm32f4-hal/stm32f4xx_hal.o
 .ARM.attributes
                0x00000000       0x33 ./system/src/stm32f4-hal/stm32f4xx_hal.o
 COMMON         0x00000000        0x4 ./system/src/stm32f4-hal/stm32f4xx_hal.o
 .text          0x00000000        0x0 ./system/src/stm32f4-hal/stm32f4xx_hal_cortex.o
 .data          0x00000000        0x0 ./system/src/stm32f4-hal/stm32f4xx_hal_cortex.o
 .bss           0x00000000        0x0 ./system/src/stm32f4-hal/stm32f4xx_hal_cortex.o
 .text.HAL_NVIC_SetPriorityGrouping
                0x00000000       0x24 ./system/src/stm32f4-hal/stm32f4xx_hal_cortex.o
 .text.HAL_NVIC_SetPriority
                0x00000000       0x68 ./system/src/stm32f4-hal/stm32f4xx_hal_cortex.o
 .text.HAL_NVIC_EnableIRQ
                0x00000000       0x18 ./system/src/stm32f4-hal/stm32f4xx_hal_cortex.o
 .text.HAL_NVIC_DisableIRQ
                0x00000000       0x1c ./system/src/stm32f4-hal/stm32f4xx_hal_cortex.o
 .text.HAL_NVIC_SystemReset
                0x00000000       0x24 ./system/src/stm32f4-hal/stm32f4xx_hal_cortex.o
 .text.HAL_SYSTICK_Config
                0x00000000       0x2c ./system/src/stm32f4-hal/stm32f4xx_hal_cortex.o
 .text.HAL_MPU_ConfigRegion
                0x00000000       0x50 ./system/src/stm32f4-hal/stm32f4xx_hal_cortex.o
 .text.HAL_NVIC_GetPriorityGrouping
                0x00000000       0x10 ./system/src/stm32f4-hal/stm32f4xx_hal_cortex.o
 .text.HAL_NVIC_GetPriority
                0x00000000       0x5c ./system/src/stm32f4-hal/stm32f4xx_hal_cortex.o
 .text.HAL_NVIC_SetPendingIRQ
                0x00000000       0x1c ./system/src/stm32f4-hal/stm32f4xx_hal_cortex.o
 .text.HAL_NVIC_GetPendingIRQ
                0x00000000       0x1c ./system/src/stm32f4-hal/stm32f4xx_hal_cortex.o
 .text.HAL_NVIC_ClearPendingIRQ
                0x00000000       0x1c ./system/src/stm32f4-hal/stm32f4xx_hal_cortex.o
 .text.HAL_NVIC_GetActive
                0x00000000       0x1c ./system/src/stm32f4-hal/stm32f4xx_hal_cortex.o
 .text.HAL_SYSTICK_CLKSourceConfig
                0x00000000       0x18 ./system/src/stm32f4-hal/stm32f4xx_hal_cortex.o
 .text.HAL_SYSTICK_Callback
                0x00000000        0x2 ./system/src/stm32f4-hal/stm32f4xx_hal_cortex.o
 .text.HAL_SYSTICK_IRQHandler
                0x00000000        0x8 ./system/src/stm32f4-hal/stm32f4xx_hal_cortex.o
 .debug_info    0x00000000     0x15d1 ./system/src/stm32f4-hal/stm32f4xx_hal_cortex.o
 .debug_abbrev  0x00000000      0x3d3 ./system/src/stm32f4-hal/stm32f4xx_hal_cortex.o
 .debug_loc     0x00000000      0x47a ./system/src/stm32f4-hal/stm32f4xx_hal_cortex.o
 .debug_aranges
                0x00000000       0x98 ./system/src/stm32f4-hal/stm32f4xx_hal_cortex.o
 .debug_ranges  0x00000000      0x128 ./system/src/stm32f4-hal/stm32f4xx_hal_cortex.o
 .debug_line    0x00000000      0x424 ./system/src/stm32f4-hal/stm32f4xx_hal_cortex.o
 .debug_str     0x00000000      0xe7c ./system/src/stm32f4-hal/stm32f4xx_hal_cortex.o
 .comment       0x00000000       0x7f ./system/src/stm32f4-hal/stm32f4xx_hal_cortex.o
 .debug_frame   0x00000000      0x138 ./system/src/stm32f4-hal/stm32f4xx_hal_cortex.o
 .ARM.attributes
                0x00000000       0x33 ./system/src/stm32f4-hal/stm32f4xx_hal_cortex.o
 .text          0x00000000        0x0 ./system/src/stm32f4-hal/stm32f4xx_hal_dfsdm.o
 .data          0x00000000        0x0 ./system/src/stm32f4-hal/stm32f4xx_hal_dfsdm.o
 .bss           0x00000000        0x0 ./system/src/stm32f4-hal/stm32f4xx_hal_dfsdm.o
 .debug_info    0x00000000      0x8bf ./system/src/stm32f4-hal/stm32f4xx_hal_dfsdm.o
 .debug_abbrev  0x00000000      0x192 ./system/src/stm32f4-hal/stm32f4xx_hal_dfsdm.o
 .debug_aranges
                0x00000000       0x18 ./system/src/stm32f4-hal/stm32f4xx_hal_dfsdm.o
 .debug_line    0x00000000      0x168 ./system/src/stm32f4-hal/stm32f4xx_hal_dfsdm.o
 .debug_str     0x00000000      0x5db ./system/src/stm32f4-hal/stm32f4xx_hal_dfsdm.o
 .comment       0x00000000       0x7f ./system/src/stm32f4-hal/stm32f4xx_hal_dfsdm.o
 .ARM.attributes
                0x00000000       0x33 ./system/src/stm32f4-hal/stm32f4xx_hal_dfsdm.o
 .text          0x00000000        0x0 ./system/src/stm32f4-hal/stm32f4xx_hal_flash.o
 .data          0x00000000        0x0 ./system/src/stm32f4-hal/stm32f4xx_hal_flash.o
 .bss           0x00000000        0x0 ./system/src/stm32f4-hal/stm32f4xx_hal_flash.o
 .text.FLASH_Program_Word
                0x00000000       0x24 ./system/src/stm32f4-hal/stm32f4xx_hal_flash.o
 .text.FLASH_Program_HalfWord
                0x00000000       0x24 ./system/src/stm32f4-hal/stm32f4xx_hal_flash.o
 .text.FLASH_SetErrorCode
                0x00000000       0x8c ./system/src/stm32f4-hal/stm32f4xx_hal_flash.o
 .text.HAL_FLASH_Program_IT
                0x00000000       0x90 ./system/src/stm32f4-hal/stm32f4xx_hal_flash.o
 .text.HAL_FLASH_EndOfOperationCallback
                0x00000000        0x2 ./system/src/stm32f4-hal/stm32f4xx_hal_flash.o
 .text.HAL_FLASH_OperationErrorCallback
                0x00000000        0x2 ./system/src/stm32f4-hal/stm32f4xx_hal_flash.o
 .text.HAL_FLASH_IRQHandler
                0x00000000       0xc8 ./system/src/stm32f4-hal/stm32f4xx_hal_flash.o
 .text.HAL_FLASH_Unlock
                0x00000000       0x24 ./system/src/stm32f4-hal/stm32f4xx_hal_flash.o
 .text.HAL_FLASH_Lock
                0x00000000       0x14 ./system/src/stm32f4-hal/stm32f4xx_hal_flash.o
 .text.HAL_FLASH_OB_Unlock
                0x00000000       0x24 ./system/src/stm32f4-hal/stm32f4xx_hal_flash.o
 .text.HAL_FLASH_OB_Lock
                0x00000000       0x14 ./system/src/stm32f4-hal/stm32f4xx_hal_flash.o
 .text.HAL_FLASH_GetError
                0x00000000        0xc ./system/src/stm32f4-hal/stm32f4xx_hal_flash.o
 .text.FLASH_WaitForLastOperation
                0x00000000       0x5c ./system/src/stm32f4-hal/stm32f4xx_hal_flash.o
 .text.HAL_FLASH_Program
                0x00000000       0xa8 ./system/src/stm32f4-hal/stm32f4xx_hal_flash.o
 .text.HAL_FLASH_OB_Launch
                0x00000000       0x18 ./system/src/stm32f4-hal/stm32f4xx_hal_flash.o
 .debug_info    0x00000000      0xef6 ./system/src/stm32f4-hal/stm32f4xx_hal_flash.o
 .debug_abbrev  0x00000000      0x3c5 ./system/src/stm32f4-hal/stm32f4xx_hal_flash.o
 .debug_loc     0x00000000      0x2ac ./system/src/stm32f4-hal/stm32f4xx_hal_flash.o
 .debug_aranges
                0x00000000       0x88 ./system/src/stm32f4-hal/stm32f4xx_hal_flash.o
 .debug_ranges  0x00000000       0xa8 ./system/src/stm32f4-hal/stm32f4xx_hal_flash.o
 .debug_line    0x00000000      0x436 ./system/src/stm32f4-hal/stm32f4xx_hal_flash.o
 .debug_str     0x00000000      0x939 ./system/src/stm32f4-hal/stm32f4xx_hal_flash.o
 .comment       0x00000000       0x7f ./system/src/stm32f4-hal/stm32f4xx_hal_flash.o
 .debug_frame   0x00000000      0x13c ./system/src/stm32f4-hal/stm32f4xx_hal_flash.o
 .ARM.attributes
                0x00000000       0x33 ./system/src/stm32f4-hal/stm32f4xx_hal_flash.o
 COMMON         0x00000000       0x20 ./system/src/stm32f4-hal/stm32f4xx_hal_flash.o
 .text          0x00000000        0x0 ./system/src/stm32f4-hal/stm32f4xx_hal_gpio.o
 .data          0x00000000        0x0 ./system/src/stm32f4-hal/stm32f4xx_hal_gpio.o
 .bss           0x00000000        0x0 ./system/src/stm32f4-hal/stm32f4xx_hal_gpio.o
 .text.HAL_GPIO_Init
                0x00000000      0x1ac ./system/src/stm32f4-hal/stm32f4xx_hal_gpio.o
 .text.HAL_GPIO_DeInit
                0x00000000       0xec ./system/src/stm32f4-hal/stm32f4xx_hal_gpio.o
 .text.HAL_GPIO_ReadPin
                0x00000000        0xc ./system/src/stm32f4-hal/stm32f4xx_hal_gpio.o
 .text.HAL_GPIO_WritePin
                0x00000000        0xa ./system/src/stm32f4-hal/stm32f4xx_hal_gpio.o
 .text.HAL_GPIO_TogglePin
                0x00000000        0x8 ./system/src/stm32f4-hal/stm32f4xx_hal_gpio.o
 .text.HAL_GPIO_LockPin
                0x00000000       0x2a ./system/src/stm32f4-hal/stm32f4xx_hal_gpio.o
 .text.HAL_GPIO_EXTI_Callback
                0x00000000        0x2 ./system/src/stm32f4-hal/stm32f4xx_hal_gpio.o
 .text.HAL_GPIO_EXTI_IRQHandler
                0x00000000       0x18 ./system/src/stm32f4-hal/stm32f4xx_hal_gpio.o
 .debug_info    0x00000000      0xf4d ./system/src/stm32f4-hal/stm32f4xx_hal_gpio.o
 .debug_abbrev  0x00000000      0x2a2 ./system/src/stm32f4-hal/stm32f4xx_hal_gpio.o
 .debug_loc     0x00000000      0x381 ./system/src/stm32f4-hal/stm32f4xx_hal_gpio.o
 .debug_aranges
                0x00000000       0x58 ./system/src/stm32f4-hal/stm32f4xx_hal_gpio.o
 .debug_ranges  0x00000000       0x68 ./system/src/stm32f4-hal/stm32f4xx_hal_gpio.o
 .debug_line    0x00000000      0x3b7 ./system/src/stm32f4-hal/stm32f4xx_hal_gpio.o
 .debug_str     0x00000000      0x8f2 ./system/src/stm32f4-hal/stm32f4xx_hal_gpio.o
 .comment       0x00000000       0x7f ./system/src/stm32f4-hal/stm32f4xx_hal_gpio.o
 .debug_frame   0x00000000       0xd8 ./system/src/stm32f4-hal/stm32f4xx_hal_gpio.o
 .ARM.attributes
                0x00000000       0x33 ./system/src/stm32f4-hal/stm32f4xx_hal_gpio.o
 .text          0x00000000        0x0 ./system/src/stm32f4-hal/stm32f4xx_hal_iwdg.o
 .data          0x00000000        0x0 ./system/src/stm32f4-hal/stm32f4xx_hal_iwdg.o
 .bss           0x00000000        0x0 ./system/src/stm32f4-hal/stm32f4xx_hal_iwdg.o
 .text.HAL_IWDG_Init
                0x00000000       0x42 ./system/src/stm32f4-hal/stm32f4xx_hal_iwdg.o
 .text.HAL_IWDG_Refresh
                0x00000000        0xc ./system/src/stm32f4-hal/stm32f4xx_hal_iwdg.o
 .debug_info    0x00000000      0xa40 ./system/src/stm32f4-hal/stm32f4xx_hal_iwdg.o
 .debug_abbrev  0x00000000      0x21e ./system/src/stm32f4-hal/stm32f4xx_hal_iwdg.o
 .debug_loc     0x00000000       0x73 ./system/src/stm32f4-hal/stm32f4xx_hal_iwdg.o
 .debug_aranges
                0x00000000       0x28 ./system/src/stm32f4-hal/stm32f4xx_hal_iwdg.o
 .debug_ranges  0x00000000       0x18 ./system/src/stm32f4-hal/stm32f4xx_hal_iwdg.o
 .debug_line    0x00000000      0x250 ./system/src/stm32f4-hal/stm32f4xx_hal_iwdg.o
 .debug_str     0x00000000      0x6a3 ./system/src/stm32f4-hal/stm32f4xx_hal_iwdg.o
 .comment       0x00000000       0x7f ./system/src/stm32f4-hal/stm32f4xx_hal_iwdg.o
 .debug_frame   0x00000000       0x3c ./system/src/stm32f4-hal/stm32f4xx_hal_iwdg.o
 .ARM.attributes
                0x00000000       0x33 ./system/src/stm32f4-hal/stm32f4xx_hal_iwdg.o
 .text          0x00000000        0x0 ./system/src/stm32f4-hal/stm32f4xx_hal_pwr.o
 .data          0x00000000        0x0 ./system/src/stm32f4-hal/stm32f4xx_hal_pwr.o
 .bss           0x00000000        0x0 ./system/src/stm32f4-hal/stm32f4xx_hal_pwr.o
 .text.HAL_PWR_DeInit
                0x00000000       0x18 ./system/src/stm32f4-hal/stm32f4xx_hal_pwr.o
 .text.HAL_PWR_EnableBkUpAccess
                0x00000000       0x1c ./system/src/stm32f4-hal/stm32f4xx_hal_pwr.o
 .text.HAL_PWR_DisableBkUpAccess
                0x00000000       0x1c ./system/src/stm32f4-hal/stm32f4xx_hal_pwr.o
 .text.HAL_PWR_ConfigPVD
                0x00000000       0x70 ./system/src/stm32f4-hal/stm32f4xx_hal_pwr.o
 .text.HAL_PWR_EnablePVD
                0x00000000       0x1a ./system/src/stm32f4-hal/stm32f4xx_hal_pwr.o
 .text.HAL_PWR_DisablePVD
                0x00000000       0x1a ./system/src/stm32f4-hal/stm32f4xx_hal_pwr.o
 .text.HAL_PWR_EnableWakeUpPin
                0x00000000       0x10 ./system/src/stm32f4-hal/stm32f4xx_hal_pwr.o
 .text.HAL_PWR_DisableWakeUpPin
                0x00000000       0x10 ./system/src/stm32f4-hal/stm32f4xx_hal_pwr.o
 .text.HAL_PWR_EnterSLEEPMode
                0x00000000       0x20 ./system/src/stm32f4-hal/stm32f4xx_hal_pwr.o
 .text.HAL_PWR_EnterSTOPMode
                0x00000000       0x38 ./system/src/stm32f4-hal/stm32f4xx_hal_pwr.o
 .text.HAL_PWR_EnterSTANDBYMode
                0x00000000       0x20 ./system/src/stm32f4-hal/stm32f4xx_hal_pwr.o
 .text.HAL_PWR_PVDCallback
                0x00000000        0x2 ./system/src/stm32f4-hal/stm32f4xx_hal_pwr.o
 .text.HAL_PWR_PVD_IRQHandler
                0x00000000       0x1c ./system/src/stm32f4-hal/stm32f4xx_hal_pwr.o
 .text.HAL_PWR_EnableSleepOnExit
                0x00000000       0x10 ./system/src/stm32f4-hal/stm32f4xx_hal_pwr.o
 .text.HAL_PWR_DisableSleepOnExit
                0x00000000       0x10 ./system/src/stm32f4-hal/stm32f4xx_hal_pwr.o
 .text.HAL_PWR_EnableSEVOnPend
                0x00000000       0x10 ./system/src/stm32f4-hal/stm32f4xx_hal_pwr.o
 .text.HAL_PWR_DisableSEVOnPend
                0x00000000       0x10 ./system/src/stm32f4-hal/stm32f4xx_hal_pwr.o
 .debug_info    0x00000000     0x1098 ./system/src/stm32f4-hal/stm32f4xx_hal_pwr.o
 .debug_abbrev  0x00000000      0x2d7 ./system/src/stm32f4-hal/stm32f4xx_hal_pwr.o
 .debug_loc     0x00000000       0xd8 ./system/src/stm32f4-hal/stm32f4xx_hal_pwr.o
 .debug_aranges
                0x00000000       0xa0 ./system/src/stm32f4-hal/stm32f4xx_hal_pwr.o
 .debug_ranges  0x00000000       0x90 ./system/src/stm32f4-hal/stm32f4xx_hal_pwr.o
 .debug_line    0x00000000      0x3a0 ./system/src/stm32f4-hal/stm32f4xx_hal_pwr.o
 .debug_str     0x00000000      0x97a ./system/src/stm32f4-hal/stm32f4xx_hal_pwr.o
 .comment       0x00000000       0x7f ./system/src/stm32f4-hal/stm32f4xx_hal_pwr.o
 .debug_frame   0x00000000      0x128 ./system/src/stm32f4-hal/stm32f4xx_hal_pwr.o
 .ARM.attributes
                0x00000000       0x33 ./system/src/stm32f4-hal/stm32f4xx_hal_pwr.o
 .text          0x00000000        0x0 ./system/src/stm32f4-hal/stm32f4xx_hal_rcc.o
 .data          0x00000000        0x0 ./system/src/stm32f4-hal/stm32f4xx_hal_rcc.o
 .bss           0x00000000        0x0 ./system/src/stm32f4-hal/stm32f4xx_hal_rcc.o
 .text.HAL_RCC_DeInit
                0x00000000        0x2 ./system/src/stm32f4-hal/stm32f4xx_hal_rcc.o
 .text.HAL_RCC_OscConfig
                0x00000000      0x2d8 ./system/src/stm32f4-hal/stm32f4xx_hal_rcc.o
 .text.HAL_RCC_MCOConfig
                0x00000000       0x94 ./system/src/stm32f4-hal/stm32f4xx_hal_rcc.o
 .text.HAL_RCC_EnableCSS
                0x00000000        0xc ./system/src/stm32f4-hal/stm32f4xx_hal_rcc.o
 .text.HAL_RCC_DisableCSS
                0x00000000        0xc ./system/src/stm32f4-hal/stm32f4xx_hal_rcc.o
 .text.HAL_RCC_GetSysClockFreq
                0x00000000       0x74 ./system/src/stm32f4-hal/stm32f4xx_hal_rcc.o
 .text.HAL_RCC_ClockConfig
                0x00000000      0x168 ./system/src/stm32f4-hal/stm32f4xx_hal_rcc.o
 .text.HAL_RCC_GetHCLKFreq
                0x00000000        0xc ./system/src/stm32f4-hal/stm32f4xx_hal_rcc.o
 .text.HAL_RCC_GetPCLK1Freq
                0x00000000       0x30 ./system/src/stm32f4-hal/stm32f4xx_hal_rcc.o
 .text.HAL_RCC_GetPCLK2Freq
                0x00000000       0x30 ./system/src/stm32f4-hal/stm32f4xx_hal_rcc.o
 .text.HAL_RCC_GetOscConfig
                0x00000000       0xcc ./system/src/stm32f4-hal/stm32f4xx_hal_rcc.o
 .text.HAL_RCC_GetClockConfig
                0x00000000       0x3c ./system/src/stm32f4-hal/stm32f4xx_hal_rcc.o
 .text.HAL_RCC_CSSCallback
                0x00000000        0x2 ./system/src/stm32f4-hal/stm32f4xx_hal_rcc.o
 .text.HAL_RCC_NMI_IRQHandler
                0x00000000       0x20 ./system/src/stm32f4-hal/stm32f4xx_hal_rcc.o
 .rodata.APBAHBPrescTable
                0x00000000       0x10 ./system/src/stm32f4-hal/stm32f4xx_hal_rcc.o
 .debug_info    0x00000000     0x14a7 ./system/src/stm32f4-hal/stm32f4xx_hal_rcc.o
 .debug_abbrev  0x00000000      0x3ef ./system/src/stm32f4-hal/stm32f4xx_hal_rcc.o
 .debug_loc     0x00000000      0x495 ./system/src/stm32f4-hal/stm32f4xx_hal_rcc.o
 .debug_aranges
                0x00000000       0x80 ./system/src/stm32f4-hal/stm32f4xx_hal_rcc.o
 .debug_ranges  0x00000000      0x168 ./system/src/stm32f4-hal/stm32f4xx_hal_rcc.o
 .debug_line    0x00000000      0x591 ./system/src/stm32f4-hal/stm32f4xx_hal_rcc.o
 .debug_str     0x00000000      0xabd ./system/src/stm32f4-hal/stm32f4xx_hal_rcc.o
 .comment       0x00000000       0x7f ./system/src/stm32f4-hal/stm32f4xx_hal_rcc.o
 .debug_frame   0x00000000      0x140 ./system/src/stm32f4-hal/stm32f4xx_hal_rcc.o
 .ARM.attributes
                0x00000000       0x33 ./system/src/stm32f4-hal/stm32f4xx_hal_rcc.o
 .text          0x00000000        0x0 ./system/src/newlib/_cxx.o
 .data          0x00000000        0x0 ./system/src/newlib/_cxx.o
 .bss           0x00000000        0x0 ./system/src/newlib/_cxx.o
 .text._ZN9__gnu_cxx27__verbose_terminate_handlerEv
                0x00000000        0x6 ./system/src/newlib/_cxx.o
 .text.__cxa_pure_virtual
                0x00000000        0x6 ./system/src/newlib/_cxx.o
 .debug_info    0x00000000      0xf94 ./system/src/newlib/_cxx.o
 .debug_abbrev  0x00000000      0x300 ./system/src/newlib/_cxx.o
 .debug_aranges
                0x00000000       0x20 ./system/src/newlib/_cxx.o
 .debug_ranges  0x00000000       0x10 ./system/src/newlib/_cxx.o
 .debug_line    0x00000000      0x37e ./system/src/newlib/_cxx.o
 .debug_str     0x00000000      0x81f ./system/src/newlib/_cxx.o
 .comment       0x00000000       0x7f ./system/src/newlib/_cxx.o
 .debug_frame   0x00000000       0x40 ./system/src/newlib/_cxx.o
 .ARM.attributes
                0x00000000       0x33 ./system/src/newlib/_cxx.o
 .text          0x00000000        0x0 ./system/src/newlib/_exit.o
 .data          0x00000000        0x0 ./system/src/newlib/_exit.o
 .bss           0x00000000        0x0 ./system/src/newlib/_exit.o
 .text.abort    0x00000000        0x8 ./system/src/newlib/_exit.o
 .text          0x00000000        0x0 ./system/src/newlib/_sbrk.o
 .data          0x00000000        0x0 ./system/src/newlib/_sbrk.o
 .bss           0x00000000        0x0 ./system/src/newlib/_sbrk.o
 .text._sbrk    0x00000000       0x3c ./system/src/newlib/_sbrk.o
 .bss.current_heap_end.3961
                0x00000000        0x4 ./system/src/newlib/_sbrk.o
 .debug_info    0x00000000      0x93e ./system/src/newlib/_sbrk.o
 .debug_abbrev  0x00000000      0x1f9 ./system/src/newlib/_sbrk.o
 .debug_loc     0x00000000       0x6a ./system/src/newlib/_sbrk.o
 .debug_aranges
                0x00000000       0x20 ./system/src/newlib/_sbrk.o
 .debug_ranges  0x00000000       0x10 ./system/src/newlib/_sbrk.o
 .debug_line    0x00000000      0x173 ./system/src/newlib/_sbrk.o
 .debug_str     0x00000000      0x60b ./system/src/newlib/_sbrk.o
 .comment       0x00000000       0x7f ./system/src/newlib/_sbrk.o
 .debug_frame   0x00000000       0x28 ./system/src/newlib/_sbrk.o
 .ARM.attributes
                0x00000000       0x33 ./system/src/newlib/_sbrk.o
 .text          0x00000000        0x0 ./system/src/newlib/_startup.o
 .data          0x00000000        0x0 ./system/src/newlib/_startup.o
 .bss           0x00000000        0x0 ./system/src/newlib/_startup.o
 .text.__initialize_data
                0x00000000       0x10 ./system/src/newlib/_startup.o
 .text.__initialize_bss
                0x00000000        0xe ./system/src/newlib/_startup.o
 .text.__run_init_array
                0x00000000       0x44 ./system/src/newlib/_startup.o
 .text.__run_fini_array
                0x00000000       0x24 ./system/src/newlib/_startup.o
 .text          0x00000000        0x0 ./system/src/newlib/_syscalls.o
 .data          0x00000000        0x0 ./system/src/newlib/_syscalls.o
 .bss           0x00000000        0x0 ./system/src/newlib/_syscalls.o
 .text.raise    0x00000000       0x10 ./system/src/newlib/_syscalls.o
 .text.kill     0x00000000       0x10 ./system/src/newlib/_syscalls.o
 .bss.__dso_handle
                0x00000000        0x4 ./system/src/newlib/_syscalls.o
 COMMON         0x00000000        0x4 ./system/src/newlib/_syscalls.o
 .text          0x00000000        0x0 ./system/src/newlib/assert.o
 .data          0x00000000        0x0 ./system/src/newlib/assert.o
 .bss           0x00000000        0x0 ./system/src/newlib/assert.o
 .text.__assert_func
                0x00000000        0x6 ./system/src/newlib/assert.o
 .debug_info    0x00000000      0x96b ./system/src/newlib/assert.o
 .debug_abbrev  0x00000000      0x1fe ./system/src/newlib/assert.o
 .debug_loc     0x00000000       0x84 ./system/src/newlib/assert.o
 .debug_aranges
                0x00000000       0x20 ./system/src/newlib/assert.o
 .debug_ranges  0x00000000       0x10 ./system/src/newlib/assert.o
 .debug_line    0x00000000      0x1f3 ./system/src/newlib/assert.o
 .debug_str     0x00000000      0x614 ./system/src/newlib/assert.o
 .comment       0x00000000       0x7f ./system/src/newlib/assert.o
 .debug_frame   0x00000000       0x28 ./system/src/newlib/assert.o
 .ARM.attributes
                0x00000000       0x33 ./system/src/newlib/assert.o
 .text          0x00000000        0x0 ./system/src/diag/Trace.o
 .data          0x00000000        0x0 ./system/src/diag/Trace.o
 .bss           0x00000000        0x0 ./system/src/diag/Trace.o
 .debug_line    0x00000000        0x0 ./system/src/diag/Trace.o
 .debug_str     0x00000000      0x127 ./system/src/diag/Trace.o
 .comment       0x00000000       0x7f ./system/src/diag/Trace.o
 .ARM.attributes
                0x00000000       0x33 ./system/src/diag/Trace.o
 .text          0x00000000        0x0 ./system/src/diag/trace_impl.o
 .data          0x00000000        0x0 ./system/src/diag/trace_impl.o
 .bss           0x00000000        0x0 ./system/src/diag/trace_impl.o
 .debug_line    0x00000000        0x0 ./system/src/diag/trace_impl.o
 .debug_str     0x00000000      0x12c ./system/src/diag/trace_impl.o
 .comment       0x00000000       0x7f ./system/src/diag/trace_impl.o
 .ARM.attributes
                0x00000000       0x33 ./system/src/diag/trace_impl.o
 .text          0x00000000        0x0 ./system/src/cortexm/_initialize_hardware.o
 .data          0x00000000        0x0 ./system/src/cortexm/_initialize_hardware.o
 .bss           0x00000000        0x0 ./system/src/cortexm/_initialize_hardware.o
 .text          0x00000000        0x0 ./system/src/cortexm/_reset_hardware.o
 .data          0x00000000        0x0 ./system/src/cortexm/_reset_hardware.o
 .bss           0x00000000        0x0 ./system/src/cortexm/_reset_hardware.o
 .text          0x00000000        0x0 ./system/src/cortexm/exception_handlers.o
 .data          0x00000000        0x0 ./system/src/cortexm/exception_handlers.o
 .bss           0x00000000        0x0 ./system/src/cortexm/exception_handlers.o
 .text          0x00000000        0x0 ./system/src/cmsis/system_stm32f4xx.o
 .data          0x00000000        0x0 ./system/src/cmsis/system_stm32f4xx.o
 .bss           0x00000000        0x0 ./system/src/cmsis/system_stm32f4xx.o
 .text          0x00000000        0x0 ./system/src/cmsis/vectors_stm32f401xc.o
 .data          0x00000000        0x0 ./system/src/cmsis/vectors_stm32f401xc.o
 .bss           0x00000000        0x0 ./system/src/cmsis/vectors_stm32f401xc.o
 .text          0x00000000        0x0 ./src/HLEDMATRIX_prg.o
 .data          0x00000000        0x0 ./src/HLEDMATRIX_prg.o
 .bss           0x00000000        0x0 ./src/HLEDMATRIX_prg.o
 .text.HLEDMATRIX_VoidInit
                0x00000000      0x166 ./src/HLEDMATRIX_prg.o
 .text.HLEDMATRIX_VoidDisableColumns
                0x00000000       0x56 ./src/HLEDMATRIX_prg.o
 .text.HLEDMATRIX_VoidSetRowValue
                0x00000000       0x84 ./src/HLEDMATRIX_prg.o
 .text.HLEDMATRIX_VoidDisplay
                0x00000000       0xe8 ./src/HLEDMATRIX_prg.o
 .debug_info    0x00000000      0x903 ./src/HLEDMATRIX_prg.o
 .debug_abbrev  0x00000000       0xa1 ./src/HLEDMATRIX_prg.o
 .debug_loc     0x00000000       0x4d ./src/HLEDMATRIX_prg.o
 .debug_aranges
                0x00000000       0x38 ./src/HLEDMATRIX_prg.o
 .debug_ranges  0x00000000       0x28 ./src/HLEDMATRIX_prg.o
 .debug_line    0x00000000      0x110 ./src/HLEDMATRIX_prg.o
 .debug_str     0x00000000      0x24f ./src/HLEDMATRIX_prg.o
 .comment       0x00000000       0x7f ./src/HLEDMATRIX_prg.o
 .debug_frame   0x00000000       0x88 ./src/HLEDMATRIX_prg.o
 .ARM.attributes
                0x00000000       0x33 ./src/HLEDMATRIX_prg.o
 .text          0x00000000        0x0 ./src/HR2RDAC_prg.o
 .data          0x00000000        0x0 ./src/HR2RDAC_prg.o
 .bss           0x00000000        0x0 ./src/HR2RDAC_prg.o
 .text.HR2RDAC_voidinit
                0x00000000       0xb6 ./src/HR2RDAC_prg.o
 .text.HR2RDAC_voidSetData
                0x00000000       0x8e ./src/HR2RDAC_prg.o
 .debug_info    0x00000000      0x3c7 ./src/HR2RDAC_prg.o
 .debug_abbrev  0x00000000       0xc6 ./src/HR2RDAC_prg.o
 .debug_loc     0x00000000       0x8a ./src/HR2RDAC_prg.o
 .debug_aranges
                0x00000000       0x28 ./src/HR2RDAC_prg.o
 .debug_ranges  0x00000000       0x18 ./src/HR2RDAC_prg.o
 .debug_line    0x00000000       0xd9 ./src/HR2RDAC_prg.o
 .debug_str     0x00000000      0x20e ./src/HR2RDAC_prg.o
 .comment       0x00000000       0x7f ./src/HR2RDAC_prg.o
 .debug_frame   0x00000000       0x4c ./src/HR2RDAC_prg.o
 .ARM.attributes
                0x00000000       0x33 ./src/HR2RDAC_prg.o
 .text          0x00000000        0x0 ./src/MDMA_prg.o
 .data          0x00000000        0x0 ./src/MDMA_prg.o
 .bss           0x00000000        0x0 ./src/MDMA_prg.o
 .text.DMA2_Init
                0x00000000       0x1c ./src/MDMA_prg.o
 .text.DMA2_SetStreamConfigration
                0x00000000       0x44 ./src/MDMA_prg.o
 .text.DMA2_enableStream
                0x00000000       0x1c ./src/MDMA_prg.o
 .text.DMA2_SetCallBack
                0x00000000       0x10 ./src/MDMA_prg.o
 .text          0x00000000        0x0 ./src/MEXTI_prg.o
 .data          0x00000000        0x0 ./src/MEXTI_prg.o
 .bss           0x00000000        0x0 ./src/MEXTI_prg.o
 .text.EXT0_IRQHandler
                0x00000000       0x20 ./src/MEXTI_prg.o
 .text          0x00000000        0x0 ./src/MGPIO_prg.o
 .data          0x00000000        0x0 ./src/MGPIO_prg.o
 .bss           0x00000000        0x0 ./src/MGPIO_prg.o
 .text.MGPIO_GetPinValue
                0x00000000       0x30 ./src/MGPIO_prg.o
 .text.MGPIO_SetPortValue
                0x00000000       0x30 ./src/MGPIO_prg.o
 .text.MGPIO_SetResetvalue
                0x00000000       0x9c ./src/MGPIO_prg.o
 .text          0x00000000        0x0 ./src/MNVIC_prg.o
 .data          0x00000000        0x0 ./src/MNVIC_prg.o
 .bss           0x00000000        0x0 ./src/MNVIC_prg.o
 .text.MNVIC_VoidDisableInterrupt
                0x00000000       0x20 ./src/MNVIC_prg.o
 .text.MNVIC_VoidEnableInterruptPending
                0x00000000       0x20 ./src/MNVIC_prg.o
 .text.MNVIC_VoidDisableInterruptPending
                0x00000000       0x20 ./src/MNVIC_prg.o
 .text.MNVIC_u8IsInterruptActive
                0x00000000       0x20 ./src/MNVIC_prg.o
 .text          0x00000000        0x0 ./src/MRCC_prg.o
 .data          0x00000000        0x0 ./src/MRCC_prg.o
 .bss           0x00000000        0x0 ./src/MRCC_prg.o
 .text.MRCC_disable_peripheral
                0x00000000       0x58 ./src/MRCC_prg.o
 .text          0x00000000        0x0 ./src/MSYSTICK_prg.o
 .data          0x00000000        0x0 ./src/MSYSTICK_prg.o
 .bss           0x00000000        0x0 ./src/MSYSTICK_prg.o
 .text.MSTK_u32GetElapsedTime
                0x00000000       0x10 ./src/MSYSTICK_prg.o
 .text.MSTK_u32GetRemainingTime
                0x00000000        0xc ./src/MSYSTICK_prg.o
 .text.MSYSYTICK_voidDelayMs
                0x00000000       0x1a ./src/MSYSTICK_prg.o
 .text.MSYSTICK_voidSetCallBack
                0x00000000       0x24 ./src/MSYSTICK_prg.o
 .text.Systick_IRQHandler
                0x00000000       0x10 ./src/MSYSTICK_prg.o
 .bss.global_voidPointer
                0x00000000        0x4 ./src/MSYSTICK_prg.o
 .text          0x00000000        0x0 ./src/RTOS_prg.o
 .data          0x00000000        0x0 ./src/RTOS_prg.o
 .bss           0x00000000        0x0 ./src/RTOS_prg.o
 .text.RTOS_Scheduler
                0x00000000       0x24 ./src/RTOS_prg.o
 .text.RTOS_voidinit
                0x00000000        0xc ./src/RTOS_prg.o
 .text.RTOS_StartScheduler
                0x00000000       0x10 ./src/RTOS_prg.o
 .text.RTOS_voidCreateTask
                0x00000000       0x18 ./src/RTOS_prg.o
 .debug_info    0x00000000      0x1e0 ./src/RTOS_prg.o
 .debug_abbrev  0x00000000      0x12a ./src/RTOS_prg.o
 .debug_loc     0x00000000       0x14 ./src/RTOS_prg.o
 .debug_aranges
                0x00000000       0x38 ./src/RTOS_prg.o
 .debug_ranges  0x00000000       0x28 ./src/RTOS_prg.o
 .debug_line    0x00000000       0xbc ./src/RTOS_prg.o
 .debug_str     0x00000000      0x2b4 ./src/RTOS_prg.o
 .comment       0x00000000       0x7f ./src/RTOS_prg.o
 .debug_frame   0x00000000       0x74 ./src/RTOS_prg.o
 .ARM.attributes
                0x00000000       0x33 ./src/RTOS_prg.o
 COMMON         0x00000000       0x50 ./src/RTOS_prg.o
 .text          0x00000000        0x0 ./src/_write.o
 .data          0x00000000        0x0 ./src/_write.o
 .bss           0x00000000        0x0 ./src/_write.o
 .debug_line    0x00000000        0x0 ./src/_write.o
 .debug_str     0x00000000      0x11c ./src/_write.o
 .comment       0x00000000       0x7f ./src/_write.o
 .ARM.attributes
                0x00000000       0x33 ./src/_write.o
 .text          0x00000000        0x0 ./src/main.o
 .data          0x00000000        0x0 ./src/main.o
 .bss           0x00000000        0x0 ./src/main.o
 .text          0x00000000        0x0 d:/courses/embedded/embedded systems/imt sdk/imt_sdk_win_64/winarm/armgcc/bin/../lib/gcc/arm-none-eabi/7.2.1/../../../../arm-none-eabi/lib/thumb/v7e-m\libg_nano.a(lib_a-errno.o)
 .data          0x00000000        0x0 d:/courses/embedded/embedded systems/imt sdk/imt_sdk_win_64/winarm/armgcc/bin/../lib/gcc/arm-none-eabi/7.2.1/../../../../arm-none-eabi/lib/thumb/v7e-m\libg_nano.a(lib_a-errno.o)
 .bss           0x00000000        0x0 d:/courses/embedded/embedded systems/imt sdk/imt_sdk_win_64/winarm/armgcc/bin/../lib/gcc/arm-none-eabi/7.2.1/../../../../arm-none-eabi/lib/thumb/v7e-m\libg_nano.a(lib_a-errno.o)
 .text.__errno  0x00000000        0xc d:/courses/embedded/embedded systems/imt sdk/imt_sdk_win_64/winarm/armgcc/bin/../lib/gcc/arm-none-eabi/7.2.1/../../../../arm-none-eabi/lib/thumb/v7e-m\libg_nano.a(lib_a-errno.o)
 .debug_frame   0x00000000       0x20 d:/courses/embedded/embedded systems/imt sdk/imt_sdk_win_64/winarm/armgcc/bin/../lib/gcc/arm-none-eabi/7.2.1/../../../../arm-none-eabi/lib/thumb/v7e-m\libg_nano.a(lib_a-errno.o)
 .ARM.attributes
                0x00000000       0x2e d:/courses/embedded/embedded systems/imt sdk/imt_sdk_win_64/winarm/armgcc/bin/../lib/gcc/arm-none-eabi/7.2.1/../../../../arm-none-eabi/lib/thumb/v7e-m\libg_nano.a(lib_a-errno.o)
 .text          0x00000000        0x0 d:/courses/embedded/embedded systems/imt sdk/imt_sdk_win_64/winarm/armgcc/bin/../lib/gcc/arm-none-eabi/7.2.1/../../../../arm-none-eabi/lib/thumb/v7e-m\libg_nano.a(lib_a-impure.o)
 .data          0x00000000        0x0 d:/courses/embedded/embedded systems/imt sdk/imt_sdk_win_64/winarm/armgcc/bin/../lib/gcc/arm-none-eabi/7.2.1/../../../../arm-none-eabi/lib/thumb/v7e-m\libg_nano.a(lib_a-impure.o)
 .bss           0x00000000        0x0 d:/courses/embedded/embedded systems/imt sdk/imt_sdk_win_64/winarm/armgcc/bin/../lib/gcc/arm-none-eabi/7.2.1/../../../../arm-none-eabi/lib/thumb/v7e-m\libg_nano.a(lib_a-impure.o)
 .data._impure_ptr
                0x00000000        0x4 d:/courses/embedded/embedded systems/imt sdk/imt_sdk_win_64/winarm/armgcc/bin/../lib/gcc/arm-none-eabi/7.2.1/../../../../arm-none-eabi/lib/thumb/v7e-m\libg_nano.a(lib_a-impure.o)
 .data.impure_data
                0x00000000       0x60 d:/courses/embedded/embedded systems/imt sdk/imt_sdk_win_64/winarm/armgcc/bin/../lib/gcc/arm-none-eabi/7.2.1/../../../../arm-none-eabi/lib/thumb/v7e-m\libg_nano.a(lib_a-impure.o)
 .rodata._global_impure_ptr
                0x00000000        0x4 d:/courses/embedded/embedded systems/imt sdk/imt_sdk_win_64/winarm/armgcc/bin/../lib/gcc/arm-none-eabi/7.2.1/../../../../arm-none-eabi/lib/thumb/v7e-m\libg_nano.a(lib_a-impure.o)
 .ARM.attributes
                0x00000000       0x2e d:/courses/embedded/embedded systems/imt sdk/imt_sdk_win_64/winarm/armgcc/bin/../lib/gcc/arm-none-eabi/7.2.1/../../../../arm-none-eabi/lib/thumb/v7e-m\libg_nano.a(lib_a-impure.o)

Memory Configuration

Name             Origin             Length             Attributes
RAM              0x20000000         0x00010000         xrw
CCMRAM           0x10000000         0x00000000         xrw
FLASH            0x08000000         0x00040000         xr
FLASHB1          0x00000000         0x00000000         xr
EXTMEMB0         0x00000000         0x00000000         xr
EXTMEMB1         0x00000000         0x00000000         xr
EXTMEMB2         0x00000000         0x00000000         xr
EXTMEMB3         0x00000000         0x00000000         xr
*default*        0x00000000         0xffffffff

Linker script and memory map

LOAD ./system/src/stm32f4-hal/stm32f4xx_hal.o
LOAD ./system/src/stm32f4-hal/stm32f4xx_hal_cortex.o
LOAD ./system/src/stm32f4-hal/stm32f4xx_hal_dfsdm.o
LOAD ./system/src/stm32f4-hal/stm32f4xx_hal_flash.o
LOAD ./system/src/stm32f4-hal/stm32f4xx_hal_gpio.o
LOAD ./system/src/stm32f4-hal/stm32f4xx_hal_iwdg.o
LOAD ./system/src/stm32f4-hal/stm32f4xx_hal_pwr.o
LOAD ./system/src/stm32f4-hal/stm32f4xx_hal_rcc.o
LOAD ./system/src/newlib/_cxx.o
LOAD ./system/src/newlib/_exit.o
LOAD ./system/src/newlib/_sbrk.o
LOAD ./system/src/newlib/_startup.o
LOAD ./system/src/newlib/_syscalls.o
LOAD ./system/src/newlib/assert.o
LOAD ./system/src/diag/Trace.o
LOAD ./system/src/diag/trace_impl.o
LOAD ./system/src/cortexm/_initialize_hardware.o
LOAD ./system/src/cortexm/_reset_hardware.o
LOAD ./system/src/cortexm/exception_handlers.o
LOAD ./system/src/cmsis/system_stm32f4xx.o
LOAD ./system/src/cmsis/vectors_stm32f401xc.o
LOAD ./src/HLEDMATRIX_prg.o
LOAD ./src/HR2RDAC_prg.o
LOAD ./src/MDMA_prg.o
LOAD ./src/MEXTI_prg.o
LOAD ./src/MGPIO_prg.o
LOAD ./src/MNVIC_prg.o
LOAD ./src/MRCC_prg.o
LOAD ./src/MSYSTICK_prg.o
LOAD ./src/RTOS_prg.o
LOAD ./src/_write.o
LOAD ./src/main.o
LOAD d:/courses/embedded/embedded systems/imt sdk/imt_sdk_win_64/winarm/armgcc/bin/../lib/gcc/arm-none-eabi/7.2.1/../../../../arm-none-eabi/lib/thumb/v7e-m\libstdc++_nano.a
LOAD d:/courses/embedded/embedded systems/imt sdk/imt_sdk_win_64/winarm/armgcc/bin/../lib/gcc/arm-none-eabi/7.2.1/../../../../arm-none-eabi/lib/thumb/v7e-m\libm.a
START GROUP
LOAD d:/courses/embedded/embedded systems/imt sdk/imt_sdk_win_64/winarm/armgcc/bin/../lib/gcc/arm-none-eabi/7.2.1/thumb/v7e-m\libgcc.a
LOAD d:/courses/embedded/embedded systems/imt sdk/imt_sdk_win_64/winarm/armgcc/bin/../lib/gcc/arm-none-eabi/7.2.1/../../../../arm-none-eabi/lib/thumb/v7e-m\libg_nano.a
LOAD d:/courses/embedded/embedded systems/imt sdk/imt_sdk_win_64/winarm/armgcc/bin/../lib/gcc/arm-none-eabi/7.2.1/../../../../arm-none-eabi/lib/thumb/v7e-m\libc_nano.a
END GROUP
START GROUP
LOAD d:/courses/embedded/embedded systems/imt sdk/imt_sdk_win_64/winarm/armgcc/bin/../lib/gcc/arm-none-eabi/7.2.1/thumb/v7e-m\libgcc.a
LOAD d:/courses/embedded/embedded systems/imt sdk/imt_sdk_win_64/winarm/armgcc/bin/../lib/gcc/arm-none-eabi/7.2.1/../../../../arm-none-eabi/lib/thumb/v7e-m\libc_nano.a
END GROUP
                0x20010000                __stack = (ORIGIN (RAM) + LENGTH (RAM))
                0x20010000                _estack = __stack
                0x00000400                __Main_Stack_Size = 0x400
                [!provide]                PROVIDE (_Main_Stack_Size, __Main_Stack_Size)
                0x2000fc00                __Main_Stack_Limit = (__stack - __Main_Stack_Size)
                [!provide]                PROVIDE (_Main_Stack_Limit, __Main_Stack_Limit)
                0x00000100                _Minimum_Stack_Size = 0x100
                0x20000074                PROVIDE (_Heap_Begin, _end_noinit)
                0x2000fc00                PROVIDE (_Heap_Limit, (__stack - __Main_Stack_Size))

.isr_vector     0x08000000      0x2c6
 FILL mask 0xff
                0x08000000                __vectors_start = ABSOLUTE (.)
                0x08000000                __vectors_start__ = ABSOLUTE (.)
 *(.isr_vector)
 .isr_vector    0x08000000      0x194 ./system/src/cmsis/vectors_stm32f401xc.o
                0x08000000                __isr_vectors
 *(.cfmconfig)
 *(.after_vectors .after_vectors.*)
 .after_vectors
                0x08000194       0xcc ./system/src/newlib/_startup.o
                0x08000194                _start
 .after_vectors
                0x08000260       0x64 ./system/src/cortexm/exception_handlers.o
                0x08000260                Reset_Handler
                0x08000264                NMI_Handler
                0x08000266                HardFault_Handler
                0x0800027a                HardFault_Handler_C
                0x0800027c                MemManage_Handler
                0x0800027e                BusFault_Handler
                0x08000292                BusFault_Handler_C
                0x08000294                UsageFault_Handler
                0x080002a8                UsageFault_Handler_C
                0x080002aa                SVC_Handler
                0x080002ac                DebugMon_Handler
                0x080002ae                PendSV_Handler
                0x080002b0                SysTick_Handler
 .after_vectors
                0x080002c4        0x2 ./system/src/cmsis/vectors_stm32f401xc.o
                0x080002c4                RTC_Alarm_IRQHandler
                0x080002c4                EXTI2_IRQHandler
                0x080002c4                SPI4_IRQHandler
                0x080002c4                TIM1_CC_IRQHandler
                0x080002c4                DMA2_Stream5_IRQHandler
                0x080002c4                DMA1_Stream5_IRQHandler
                0x080002c4                PVD_IRQHandler
                0x080002c4                SDIO_IRQHandler
                0x080002c4                TAMP_STAMP_IRQHandler
                0x080002c4                EXTI3_IRQHandler
                0x080002c4                TIM1_UP_TIM10_IRQHandler
                0x080002c4                I2C3_ER_IRQHandler
                0x080002c4                EXTI0_IRQHandler
                0x080002c4                I2C2_EV_IRQHandler
                0x080002c4                DMA1_Stream2_IRQHandler
                0x080002c4                FPU_IRQHandler
                0x080002c4                DMA2_Stream2_IRQHandler
                0x080002c4                SPI1_IRQHandler
                0x080002c4                TIM1_BRK_TIM9_IRQHandler
                0x080002c4                DMA2_Stream3_IRQHandler
                0x080002c4                USART6_IRQHandler
                0x080002c4                TIM4_IRQHandler
                0x080002c4                I2C1_EV_IRQHandler
                0x080002c4                DMA1_Stream6_IRQHandler
                0x080002c4                DMA1_Stream1_IRQHandler
                0x080002c4                TIM3_IRQHandler
                0x080002c4                RCC_IRQHandler
                0x080002c4                Default_Handler
                0x080002c4                EXTI15_10_IRQHandler
                0x080002c4                ADC_IRQHandler
                0x080002c4                DMA1_Stream7_IRQHandler
                0x080002c4                TIM5_IRQHandler
                0x080002c4                DMA2_Stream7_IRQHandler
                0x080002c4                I2C3_EV_IRQHandler
                0x080002c4                EXTI9_5_IRQHandler
                0x080002c4                RTC_WKUP_IRQHandler
                0x080002c4                SPI2_IRQHandler
                0x080002c4                DMA1_Stream0_IRQHandler
                0x080002c4                EXTI4_IRQHandler
                0x080002c4                WWDG_IRQHandler
                0x080002c4                TIM2_IRQHandler
                0x080002c4                OTG_FS_WKUP_IRQHandler
                0x080002c4                TIM1_TRG_COM_TIM11_IRQHandler
                0x080002c4                USART2_IRQHandler
                0x080002c4                I2C2_ER_IRQHandler
                0x080002c4                DMA2_Stream1_IRQHandler
                0x080002c4                FLASH_IRQHandler
                0x080002c4                DMA2_Stream4_IRQHandler
                0x080002c4                USART1_IRQHandler
                0x080002c4                OTG_FS_IRQHandler
                0x080002c4                SPI3_IRQHandler
                0x080002c4                DMA1_Stream4_IRQHandler
                0x080002c4                I2C1_ER_IRQHandler
                0x080002c4                DMA2_Stream6_IRQHandler
                0x080002c4                DMA1_Stream3_IRQHandler

.inits          0x080002c8       0x28
                0x080002c8                __data_regions_array_start = .
                0x080002c8        0x4 LONG 0x8000b30 LOADADDR (.data)
                0x080002cc        0x4 LONG 0x20000000 ADDR (.data)
                0x080002d0        0x4 LONG 0x2000000c (ADDR (.data) + SIZEOF (.data))
                0x080002d4        0x4 LONG 0x8000b30 LOADADDR (.data_CCMRAM)
                0x080002d8        0x4 LONG 0x10000000 ADDR (.data_CCMRAM)
                0x080002dc        0x4 LONG 0x10000000 (ADDR (.data_CCMRAM) + SIZEOF (.data_CCMRAM))
                0x080002e0                __data_regions_array_end = .
                0x080002e0                __bss_regions_array_start = .
                0x080002e0        0x4 LONG 0x2000000c ADDR (.bss)
                0x080002e4        0x4 LONG 0x20000074 (ADDR (.bss) + SIZEOF (.bss))
                0x080002e8        0x4 LONG 0x10000000 ADDR (.bss_CCMRAM)
                0x080002ec        0x4 LONG 0x10000000 (ADDR (.bss_CCMRAM) + SIZEOF (.bss_CCMRAM))
                0x080002f0                __bss_regions_array_end = .
 *(.init)
 *(.fini)
                0x080002f0                . = ALIGN (0x4)
                0x080002f0                PROVIDE (__preinit_array_start, .)
 *(.preinit_array_sysinit .preinit_array_sysinit.*)
 *(.preinit_array_platform .preinit_array_platform.*)
 *(.preinit_array .preinit_array.*)
                0x080002f0                PROVIDE (__preinit_array_end, .)
                0x080002f0                . = ALIGN (0x4)
                0x080002f0                PROVIDE (__init_array_start, .)
 *(SORT_BY_NAME(.init_array.*))
 *(.init_array)
                0x080002f0                PROVIDE (__init_array_end, .)
                0x080002f0                . = ALIGN (0x4)
                0x080002f0                PROVIDE (__fini_array_start, .)
 *(SORT_BY_NAME(.fini_array.*))
 *(.fini_array)
                0x080002f0                PROVIDE (__fini_array_end, .)

.flashtext
 *(.flashtext .flashtext.*)

.text           0x080002f0      0x840
 *(.text .text.*)
 .text._exit    0x080002f0        0x6 ./system/src/newlib/_exit.o
                0x080002f0                _exit
 *fill*         0x080002f6        0x2 
 .text.__initialize_args
                0x080002f8       0x10 ./system/src/newlib/_syscalls.o
                0x080002f8                __initialize_args
 .text.__initialize_hardware_early
                0x08000308       0x18 ./system/src/cortexm/_initialize_hardware.o
                0x08000308                __initialize_hardware_early
 .text.__initialize_hardware
                0x08000320        0x4 ./system/src/cortexm/_initialize_hardware.o
                0x08000320                __initialize_hardware
 .text.__reset_hardware
                0x08000324       0x24 ./system/src/cortexm/_reset_hardware.o
                0x08000324                __reset_hardware
 .text.SystemInit
                0x08000348       0x40 ./system/src/cmsis/system_stm32f4xx.o
                0x08000348                SystemInit
 .text.SystemCoreClockUpdate
                0x08000388       0x74 ./system/src/cmsis/system_stm32f4xx.o
                0x08000388                SystemCoreClockUpdate
 .text.DMA2_Stream0_IRQHandler
                0x080003fc        0xc ./src/MDMA_prg.o
                0x080003fc                DMA2_Stream0_IRQHandler
 .text.MEXTI_voidInerruptSetPort
                0x08000408       0x2c ./src/MEXTI_prg.o
                0x08000408                MEXTI_voidInerruptSetPort
 .text.MEXTI_voidInterruptEnableDisable
                0x08000434       0x28 ./src/MEXTI_prg.o
                0x08000434                MEXTI_voidInterruptEnableDisable
 .text.MEXTI_voidInterruptTrigger
                0x0800045c       0x50 ./src/MEXTI_prg.o
                0x0800045c                MEXTI_voidInterruptTrigger
 .text.MEXTI0_voidCallBack
                0x080004ac        0xc ./src/MEXTI_prg.o
                0x080004ac                MEXTI0_voidCallBack
 .text.MEXTI1_voidCallBack
                0x080004b8        0xc ./src/MEXTI_prg.o
                0x080004b8                MEXTI1_voidCallBack
 .text.EXTI1_IRQHandler
                0x080004c4       0x20 ./src/MEXTI_prg.o
                0x080004c4                EXTI1_IRQHandler
 .text.MGPIO_SetMode
                0x080004e4       0x4c ./src/MGPIO_prg.o
                0x080004e4                MGPIO_SetMode
 .text.MGPIO_SetOutputPinMode
                0x08000530       0xb4 ./src/MGPIO_prg.o
                0x08000530                MGPIO_SetOutputPinMode
 .text.MGPIO_SetInputPin
                0x080005e4       0x4c ./src/MGPIO_prg.o
                0x080005e4                MGPIO_SetInputPin
 .text.MGPIO_SetPinValue
                0x08000630       0x78 ./src/MGPIO_prg.o
                0x08000630                MGPIO_SetPinValue
 .text.MNVIC_VoidEnableInterrupt
                0x080006a8       0x1c ./src/MNVIC_prg.o
                0x080006a8                MNVIC_VoidEnableInterrupt
 .text.MNVIC_VoidSetInterruptPriority
                0x080006c4       0x54 ./src/MNVIC_prg.o
                0x080006c4                MNVIC_VoidSetInterruptPriority
 .text.MNVIC_VoidSetInterruptGroupMode
                0x08000718       0x20 ./src/MNVIC_prg.o
                0x08000718                MNVIC_VoidSetInterruptGroupMode
 .text.MRCC_init
                0x08000738       0x24 ./src/MRCC_prg.o
                0x08000738                MRCC_init
 .text.MRCC_Enable_peripheral
                0x0800075c       0x50 ./src/MRCC_prg.o
                0x0800075c                MRCC_Enable_peripheral
 .text.MSYSYTICK_voidInit
                0x080007ac       0x10 ./src/MSYSTICK_prg.o
                0x080007ac                MSYSYTICK_voidInit
 .text.MSYSYTICK_voidStart
                0x080007bc       0x18 ./src/MSYSTICK_prg.o
                0x080007bc                MSYSYTICK_voidStart
 .text.MSYSYTICK_voidReadFlag
                0x080007d4       0x10 ./src/MSYSTICK_prg.o
                0x080007d4                MSYSYTICK_voidReadFlag
 .text.MSYSYTICK_voidCtrlIntState
                0x080007e4       0x24 ./src/MSYSTICK_prg.o
                0x080007e4                MSYSYTICK_voidCtrlIntState
 .text.MSYSYTICK_voidDelayms
                0x08000808       0x1e ./src/MSYSTICK_prg.o
                0x08000808                MSYSYTICK_voidDelayms
 .text.Func1_void
                0x08000826       0xe4 ./src/main.o
                0x08000826                Func1_void
 .text.Func2_void
                0x0800090a       0x5e ./src/main.o
                0x0800090a                Func2_void
 .text.startup.main
                0x08000968      0x1b8 ./src/main.o
                0x08000968                main
 *(.rodata .rodata.* .constdata .constdata.*)
 .rodata.AHBPrescTable
                0x08000b20       0x10 ./system/src/cmsis/system_stm32f4xx.o
                0x08000b20                AHBPrescTable
 *(vtable)
 *(.eh_frame*)
 *(.glue_7)
 .glue_7        0x08000b30        0x0 linker stubs
 *(.glue_7t)
 .glue_7t       0x08000b30        0x0 linker stubs

.vfp11_veneer   0x08000b30        0x0
 .vfp11_veneer  0x08000b30        0x0 linker stubs

.v4_bx          0x08000b30        0x0
 .v4_bx         0x08000b30        0x0 linker stubs

.iplt           0x08000b30        0x0
 .iplt          0x08000b30        0x0 ./system/src/newlib/_exit.o

.rel.dyn        0x08000b30        0x0
 .rel.iplt      0x08000b30        0x0 ./system/src/newlib/_exit.o

.ARM.extab
 *(.ARM.extab* .gnu.linkonce.armextab.*)
                0x08000b30                . = ALIGN (0x4)
                0x08000b30                __exidx_start = .

.ARM.exidx
 *(.ARM.exidx* .gnu.linkonce.armexidx.*)
                0x08000b30                __exidx_end = .
                0x08000b30                . = ALIGN (0x4)
                0x08000b30                _etext = .
                0x08000b30                __etext = .

.data_CCMRAM    0x10000000        0x0 load address 0x08000b30
 FILL mask 0xff
 *(.data.CCMRAM .data.CCMRAM.*)
                0x10000000                . = ALIGN (0x4)
                0x08000b30                _sidata = LOADADDR (.data)

.data           0x20000000        0xc load address 0x08000b30
 FILL mask 0xff
                0x20000000                _sdata = .
                0x20000000                __data_start__ = .
 *(.data_begin .data_begin.*)
 *(.data .data.*)
 .data.argv.4310
                0x20000000        0x8 ./system/src/newlib/_syscalls.o
 .data.SystemCoreClock
                0x20000008        0x4 ./system/src/cmsis/system_stm32f4xx.o
                0x20000008                SystemCoreClock
 *(.data_end .data_end.*)
                0x2000000c                . = ALIGN (0x4)
                0x2000000c                _edata = .
                0x2000000c                __data_end__ = .

.igot.plt       0x2000000c        0x0 load address 0x08000b3c
 .igot.plt      0x2000000c        0x0 ./system/src/newlib/_exit.o

.bss_CCMRAM     0x10000000        0x0
 *(.bss.CCMRAM .bss.CCMRAM.*)

.bss            0x2000000c       0x68
                0x2000000c                __bss_start__ = .
                0x2000000c                _sbss = .
 *(.bss_begin .bss_begin.*)
 *(.bss .bss.*)
 .bss.name.4309
                0x2000000c        0x1 ./system/src/newlib/_syscalls.o
 *fill*         0x2000000d        0x3 
 .bss.DMA2_S0_ptr
                0x20000010       0x20 ./src/MDMA_prg.o
 .bss.Global_EXTIPtr
                0x20000030       0x40 ./src/MEXTI_prg.o
 .bss.Global_u8IPR
                0x20000070        0x1 ./src/MNVIC_prg.o
 *(COMMON)
 *(.bss_end .bss_end.*)
                0x20000074                . = ALIGN (0x4)
 *fill*         0x20000071        0x3 
                0x20000074                __bss_end__ = .
                0x20000074                _ebss = .

.noinit_CCMRAM
 *(.noinit.CCMRAM .noinit.CCMRAM.*)

.noinit         0x20000074        0x0
                0x20000074                _noinit = .
 *(.noinit .noinit.*)
                0x20000074                . = ALIGN (0x4)
                0x20000074                _end_noinit = .
                [!provide]                PROVIDE (end, _end_noinit)
                [!provide]                PROVIDE (_end, _end_noinit)
                [!provide]                PROVIDE (__end, _end_noinit)
                [!provide]                PROVIDE (__end__, _end_noinit)

._check_stack   0x20000074      0x100
                0x20000174                . = (. + _Minimum_Stack_Size)
 *fill*         0x20000074      0x100 

.b1text
 *(.b1text)
 *(.b1rodata)
 *(.b1rodata.*)

.eb0text
 *(.eb0text)
 *(.eb0rodata)
 *(.eb0rodata.*)

.eb1text
 *(.eb1text)
 *(.eb1rodata)
 *(.eb1rodata.*)

.eb2text
 *(.eb2text)
 *(.eb2rodata)
 *(.eb2rodata.*)

.eb3text
 *(.eb3text)
 *(.eb3rodata)
 *(.eb3rodata.*)

.stab
 *(.stab)

.stabstr
 *(.stabstr)

.stab.excl
 *(.stab.excl)

.stab.exclstr
 *(.stab.exclstr)

.stab.index
 *(.stab.index)

.stab.indexstr
 *(.stab.indexstr)

.comment        0x00000000       0x7e
 *(.comment)
 .comment       0x00000000       0x7e ./system/src/newlib/_exit.o
                                 0x7f (size before relaxing)
 .comment       0x0000007e       0x7f ./system/src/newlib/_startup.o
 .comment       0x0000007e       0x7f ./system/src/newlib/_syscalls.o
 .comment       0x0000007e       0x7f ./system/src/cortexm/_initialize_hardware.o
 .comment       0x0000007e       0x7f ./system/src/cortexm/_reset_hardware.o
 .comment       0x0000007e       0x7f ./system/src/cortexm/exception_handlers.o
 .comment       0x0000007e       0x7f ./system/src/cmsis/system_stm32f4xx.o
 .comment       0x0000007e       0x7f ./system/src/cmsis/vectors_stm32f401xc.o
 .comment       0x0000007e       0x7f ./src/MDMA_prg.o
 .comment       0x0000007e       0x7f ./src/MEXTI_prg.o
 .comment       0x0000007e       0x7f ./src/MGPIO_prg.o
 .comment       0x0000007e       0x7f ./src/MNVIC_prg.o
 .comment       0x0000007e       0x7f ./src/MRCC_prg.o
 .comment       0x0000007e       0x7f ./src/MSYSTICK_prg.o
 .comment       0x0000007e       0x7f ./src/main.o

.ARM.attributes
                0x00000000       0x33
 .ARM.attributes
                0x00000000       0x33 ./system/src/newlib/_exit.o
 .ARM.attributes
                0x00000033       0x33 ./system/src/newlib/_startup.o
 .ARM.attributes
                0x00000066       0x33 ./system/src/newlib/_syscalls.o
 .ARM.attributes
                0x00000099       0x33 ./system/src/cortexm/_initialize_hardware.o
 .ARM.attributes
                0x000000cc       0x33 ./system/src/cortexm/_reset_hardware.o
 .ARM.attributes
                0x000000ff       0x33 ./system/src/cortexm/exception_handlers.o
 .ARM.attributes
                0x00000132       0x33 ./system/src/cmsis/system_stm32f4xx.o
 .ARM.attributes
                0x00000165       0x33 ./system/src/cmsis/vectors_stm32f401xc.o
 .ARM.attributes
                0x00000198       0x33 ./src/MDMA_prg.o
 .ARM.attributes
                0x000001cb       0x33 ./src/MEXTI_prg.o
 .ARM.attributes
                0x000001fe       0x33 ./src/MGPIO_prg.o
 .ARM.attributes
                0x00000231       0x33 ./src/MNVIC_prg.o
 .ARM.attributes
                0x00000264       0x33 ./src/MRCC_prg.o
 .ARM.attributes
                0x00000297       0x33 ./src/MSYSTICK_prg.o
 .ARM.attributes
                0x000002ca       0x33 ./src/main.o

.debug
 *(.debug)

.line
 *(.line)

.debug_srcinfo
 *(.debug_srcinfo)

.debug_sfnames
 *(.debug_sfnames)

.debug_aranges  0x00000000      0x3a0
 *(.debug_aranges)
 .debug_aranges
                0x00000000       0x28 ./system/src/newlib/_exit.o
 .debug_aranges
                0x00000028       0x40 ./system/src/newlib/_startup.o
 .debug_aranges
                0x00000068       0x30 ./system/src/newlib/_syscalls.o
 .debug_aranges
                0x00000098       0x28 ./system/src/cortexm/_initialize_hardware.o
 .debug_aranges
                0x000000c0       0x20 ./system/src/cortexm/_reset_hardware.o
 .debug_aranges
                0x000000e0       0x80 ./system/src/cortexm/exception_handlers.o
 .debug_aranges
                0x00000160       0x28 ./system/src/cmsis/system_stm32f4xx.o
 .debug_aranges
                0x00000188       0x20 ./system/src/cmsis/vectors_stm32f401xc.o
 .debug_aranges
                0x000001a8       0x40 ./src/MDMA_prg.o
 .debug_aranges
                0x000001e8       0x50 ./src/MEXTI_prg.o
 .debug_aranges
                0x00000238       0x50 ./src/MGPIO_prg.o
 .debug_aranges
                0x00000288       0x50 ./src/MNVIC_prg.o
 .debug_aranges
                0x000002d8       0x30 ./src/MRCC_prg.o
 .debug_aranges
                0x00000308       0x68 ./src/MSYSTICK_prg.o
 .debug_aranges
                0x00000370       0x30 ./src/main.o

.debug_pubnames
 *(.debug_pubnames)

.debug_info     0x00000000     0x6198
 *(.debug_info .gnu.linkonce.wi.*)
 .debug_info    0x00000000      0x960 ./system/src/newlib/_exit.o
 .debug_info    0x00000960      0x457 ./system/src/newlib/_startup.o
 .debug_info    0x00000db7      0xa15 ./system/src/newlib/_syscalls.o
 .debug_info    0x000017cc      0xada ./system/src/cortexm/_initialize_hardware.o
 .debug_info    0x000022a6      0xaec ./system/src/cortexm/_reset_hardware.o
 .debug_info    0x00002d92      0xae5 ./system/src/cortexm/exception_handlers.o
 .debug_info    0x00003877      0xcfa ./system/src/cmsis/system_stm32f4xx.o
 .debug_info    0x00004571       0xc6 ./system/src/cmsis/vectors_stm32f401xc.o
 .debug_info    0x00004637      0x24d ./src/MDMA_prg.o
 .debug_info    0x00004884      0x365 ./src/MEXTI_prg.o
 .debug_info    0x00004be9      0x2c8 ./src/MGPIO_prg.o
 .debug_info    0x00004eb1      0x308 ./src/MNVIC_prg.o
 .debug_info    0x000051b9      0x2a5 ./src/MRCC_prg.o
 .debug_info    0x0000545e      0x29c ./src/MSYSTICK_prg.o
 .debug_info    0x000056fa      0xa9e ./src/main.o

.debug_abbrev   0x00000000     0x1575
 *(.debug_abbrev)
 .debug_abbrev  0x00000000      0x210 ./system/src/newlib/_exit.o
 .debug_abbrev  0x00000210      0x1bf ./system/src/newlib/_startup.o
 .debug_abbrev  0x000003cf      0x231 ./system/src/newlib/_syscalls.o
 .debug_abbrev  0x00000600      0x1e9 ./system/src/cortexm/_initialize_hardware.o
 .debug_abbrev  0x000007e9      0x201 ./system/src/cortexm/_reset_hardware.o
 .debug_abbrev  0x000009ea      0x1fe ./system/src/cortexm/exception_handlers.o
 .debug_abbrev  0x00000be8      0x213 ./system/src/cmsis/system_stm32f4xx.o
 .debug_abbrev  0x00000dfb       0x9a ./system/src/cmsis/vectors_stm32f401xc.o
 .debug_abbrev  0x00000e95      0x109 ./src/MDMA_prg.o
 .debug_abbrev  0x00000f9e      0x126 ./src/MEXTI_prg.o
 .debug_abbrev  0x000010c4       0xbd ./src/MGPIO_prg.o
 .debug_abbrev  0x00001181      0x110 ./src/MNVIC_prg.o
 .debug_abbrev  0x00001291       0xa5 ./src/MRCC_prg.o
 .debug_abbrev  0x00001336      0x19e ./src/MSYSTICK_prg.o
 .debug_abbrev  0x000014d4       0xa1 ./src/main.o

.debug_line     0x00000000     0x14ab
 *(.debug_line)
 .debug_line    0x00000000      0x1f7 ./system/src/newlib/_exit.o
 .debug_line    0x000001f7      0x131 ./system/src/newlib/_startup.o
 .debug_line    0x00000328      0x210 ./system/src/newlib/_syscalls.o
 .debug_line    0x00000538      0x1bd ./system/src/cortexm/_initialize_hardware.o
 .debug_line    0x000006f5      0x1c9 ./system/src/cortexm/_reset_hardware.o
 .debug_line    0x000008be      0x20f ./system/src/cortexm/exception_handlers.o
 .debug_line    0x00000acd      0x1e9 ./system/src/cmsis/system_stm32f4xx.o
 .debug_line    0x00000cb6       0x5a ./system/src/cmsis/vectors_stm32f401xc.o
 .debug_line    0x00000d10       0xbd ./src/MDMA_prg.o
 .debug_line    0x00000dcd       0xf7 ./src/MEXTI_prg.o
 .debug_line    0x00000ec4      0x1b7 ./src/MGPIO_prg.o
 .debug_line    0x0000107b       0xea ./src/MNVIC_prg.o
 .debug_line    0x00001165       0xa5 ./src/MRCC_prg.o
 .debug_line    0x0000120a      0x139 ./src/MSYSTICK_prg.o
 .debug_line    0x00001343      0x168 ./src/main.o

.debug_frame    0x00000000      0x628
 *(.debug_frame)
 .debug_frame   0x00000000       0x40 ./system/src/newlib/_exit.o
 .debug_frame   0x00000040       0x80 ./system/src/newlib/_startup.o
 .debug_frame   0x000000c0       0x50 ./system/src/newlib/_syscalls.o
 .debug_frame   0x00000110       0x38 ./system/src/cortexm/_initialize_hardware.o
 .debug_frame   0x00000148       0x20 ./system/src/cortexm/_reset_hardware.o
 .debug_frame   0x00000168       0xe0 ./system/src/cortexm/exception_handlers.o
 .debug_frame   0x00000248       0x38 ./system/src/cmsis/system_stm32f4xx.o
 .debug_frame   0x00000280       0x20 ./system/src/cmsis/vectors_stm32f401xc.o
 .debug_frame   0x000002a0       0x70 ./src/MDMA_prg.o
 .debug_frame   0x00000310       0x98 ./src/MEXTI_prg.o
 .debug_frame   0x000003a8       0xa4 ./src/MGPIO_prg.o
 .debug_frame   0x0000044c       0x80 ./src/MNVIC_prg.o
 .debug_frame   0x000004cc       0x40 ./src/MRCC_prg.o
 .debug_frame   0x0000050c       0xc0 ./src/MSYSTICK_prg.o
 .debug_frame   0x000005cc       0x5c ./src/main.o

.debug_str      0x00000000     0x1585
 *(.debug_str)
 .debug_str     0x00000000      0x58d ./system/src/newlib/_exit.o
                                0x5fe (size before relaxing)
 .debug_str     0x0000058d      0x1a3 ./system/src/newlib/_startup.o
                                0x366 (size before relaxing)
 .debug_str     0x00000730       0x8a ./system/src/newlib/_syscalls.o
                                0x62f (size before relaxing)
 .debug_str     0x000007ba       0xea ./system/src/cortexm/_initialize_hardware.o
                                0x6a1 (size before relaxing)
 .debug_str     0x000008a4       0x45 ./system/src/cortexm/_reset_hardware.o
                                0x667 (size before relaxing)
 .debug_str     0x000008e9      0x11f ./system/src/cortexm/exception_handlers.o
                                0x6f7 (size before relaxing)
 .debug_str     0x00000a08      0x14f ./system/src/cmsis/system_stm32f4xx.o
                                0x786 (size before relaxing)
 .debug_str     0x00000b57       0x59 ./system/src/cmsis/vectors_stm32f401xc.o
                                0x1e9 (size before relaxing)
 .debug_str     0x00000bb0      0x146 ./src/MDMA_prg.o
                                0x2b8 (size before relaxing)
 .debug_str     0x00000cf6      0x2dc ./src/MEXTI_prg.o
                                0x454 (size before relaxing)
 .debug_str     0x00000fd2      0x13b ./src/MGPIO_prg.o
                                0x2b2 (size before relaxing)
 .debug_str     0x0000110d      0x1f5 ./src/MNVIC_prg.o
                                0x36d (size before relaxing)
 .debug_str     0x00001302       0xe0 ./src/MRCC_prg.o
                                0x314 (size before relaxing)
 .debug_str     0x000013e2      0x17f ./src/MSYSTICK_prg.o
                                0x2ea (size before relaxing)
 .debug_str     0x00001561       0x24 ./src/main.o
                                0x4a7 (size before relaxing)

.debug_loc      0x00000000      0xda8
 *(.debug_loc)
 .debug_loc     0x00000000       0x21 ./system/src/newlib/_exit.o
 .debug_loc     0x00000021      0x22d ./system/src/newlib/_startup.o
 .debug_loc     0x0000024e       0x63 ./system/src/newlib/_syscalls.o
 .debug_loc     0x000002b1      0x11c ./system/src/cmsis/system_stm32f4xx.o
 .debug_loc     0x000003cd       0x76 ./src/MDMA_prg.o
 .debug_loc     0x00000443      0x101 ./src/MEXTI_prg.o
 .debug_loc     0x00000544      0x468 ./src/MGPIO_prg.o
 .debug_loc     0x000009ac      0x1db ./src/MNVIC_prg.o
 .debug_loc     0x00000b87      0x1b0 ./src/MRCC_prg.o
 .debug_loc     0x00000d37       0x71 ./src/MSYSTICK_prg.o

.debug_macinfo
 *(.debug_macinfo)

.debug_weaknames
 *(.debug_weaknames)

.debug_funcnames
 *(.debug_funcnames)

.debug_typenames
 *(.debug_typenames)

.debug_varnames
 *(.debug_varnames)
OUTPUT(RCC_driver.elf elf32-littlearm)

.debug_ranges   0x00000000      0x350
 .debug_ranges  0x00000000       0x18 ./system/src/newlib/_exit.o
 .debug_ranges  0x00000018       0xd0 ./system/src/newlib/_startup.o
 .debug_ranges  0x000000e8       0x20 ./system/src/newlib/_syscalls.o
 .debug_ranges  0x00000108       0x18 ./system/src/cortexm/_initialize_hardware.o
 .debug_ranges  0x00000120       0x10 ./system/src/cortexm/_reset_hardware.o
 .debug_ranges  0x00000130       0x70 ./system/src/cortexm/exception_handlers.o
 .debug_ranges  0x000001a0       0x18 ./system/src/cmsis/system_stm32f4xx.o
 .debug_ranges  0x000001b8       0x10 ./system/src/cmsis/vectors_stm32f401xc.o
 .debug_ranges  0x000001c8       0x30 ./src/MDMA_prg.o
 .debug_ranges  0x000001f8       0x40 ./src/MEXTI_prg.o
 .debug_ranges  0x00000238       0x40 ./src/MGPIO_prg.o
 .debug_ranges  0x00000278       0x40 ./src/MNVIC_prg.o
 .debug_ranges  0x000002b8       0x20 ./src/MRCC_prg.o
 .debug_ranges  0x000002d8       0x58 ./src/MSYSTICK_prg.o
 .debug_ranges  0x00000330       0x20 ./src/main.o
