Archive member included to satisfy reference by file (symbol)

d:/courses/embedded/embedded systems/imt sdk/imt_sdk_win_64/winarm/armgcc/bin/../lib/gcc/arm-none-eabi/7.2.1/../../../../arm-none-eabi/lib/thumb/v7e-m\libg_nano.a(lib_a-errno.o)
                              ./system/src/newlib/_sbrk.o (__errno)
d:/courses/embedded/embedded systems/imt sdk/imt_sdk_win_64/winarm/armgcc/bin/../lib/gcc/arm-none-eabi/7.2.1/../../../../arm-none-eabi/lib/thumb/v7e-m\libg_nano.a(lib_a-impure.o)
                              d:/courses/embedded/embedded systems/imt sdk/imt_sdk_win_64/winarm/armgcc/bin/../lib/gcc/arm-none-eabi/7.2.1/../../../../arm-none-eabi/lib/thumb/v7e-m\libg_nano.a(lib_a-errno.o) (_impure_ptr)
d:/courses/embedded/embedded systems/imt sdk/imt_sdk_win_64/winarm/armgcc/bin/../lib/gcc/arm-none-eabi/7.2.1/../../../../arm-none-eabi/lib/thumb/v7e-m\libg_nano.a(lib_a-memset.o)
                              ./src/HESP_prg.o (memset)
d:/courses/embedded/embedded systems/imt sdk/imt_sdk_win_64/winarm/armgcc/bin/../lib/gcc/arm-none-eabi/7.2.1/../../../../arm-none-eabi/lib/thumb/v7e-m\libg_nano.a(lib_a-strlen.o)
                              ./system/src/diag/Trace.o (strlen)
d:/courses/embedded/embedded systems/imt sdk/imt_sdk_win_64/winarm/armgcc/bin/../lib/gcc/arm-none-eabi/7.2.1/../../../../arm-none-eabi/lib/thumb/v7e-m\libg_nano.a(lib_a-vsnprintf.o)
                              ./system/src/diag/Trace.o (vsnprintf)
d:/courses/embedded/embedded systems/imt sdk/imt_sdk_win_64/winarm/armgcc/bin/../lib/gcc/arm-none-eabi/7.2.1/../../../../arm-none-eabi/lib/thumb/v7e-m\libg_nano.a(lib_a-nano-svfprintf.o)
                              d:/courses/embedded/embedded systems/imt sdk/imt_sdk_win_64/winarm/armgcc/bin/../lib/gcc/arm-none-eabi/7.2.1/../../../../arm-none-eabi/lib/thumb/v7e-m\libg_nano.a(lib_a-vsnprintf.o) (_svfprintf_r)
d:/courses/embedded/embedded systems/imt sdk/imt_sdk_win_64/winarm/armgcc/bin/../lib/gcc/arm-none-eabi/7.2.1/../../../../arm-none-eabi/lib/thumb/v7e-m\libg_nano.a(lib_a-nano-vfprintf_i.o)
                              d:/courses/embedded/embedded systems/imt sdk/imt_sdk_win_64/winarm/armgcc/bin/../lib/gcc/arm-none-eabi/7.2.1/../../../../arm-none-eabi/lib/thumb/v7e-m\libg_nano.a(lib_a-nano-svfprintf.o) (_printf_i)
d:/courses/embedded/embedded systems/imt sdk/imt_sdk_win_64/winarm/armgcc/bin/../lib/gcc/arm-none-eabi/7.2.1/../../../../arm-none-eabi/lib/thumb/v7e-m\libg_nano.a(lib_a-memchr.o)
                              d:/courses/embedded/embedded systems/imt sdk/imt_sdk_win_64/winarm/armgcc/bin/../lib/gcc/arm-none-eabi/7.2.1/../../../../arm-none-eabi/lib/thumb/v7e-m\libg_nano.a(lib_a-nano-svfprintf.o) (memchr)
d:/courses/embedded/embedded systems/imt sdk/imt_sdk_win_64/winarm/armgcc/bin/../lib/gcc/arm-none-eabi/7.2.1/../../../../arm-none-eabi/lib/thumb/v7e-m\libg_nano.a(lib_a-memcpy-stub.o)
                              d:/courses/embedded/embedded systems/imt sdk/imt_sdk_win_64/winarm/armgcc/bin/../lib/gcc/arm-none-eabi/7.2.1/../../../../arm-none-eabi/lib/thumb/v7e-m\libg_nano.a(lib_a-nano-svfprintf.o) (memcpy)
d:/courses/embedded/embedded systems/imt sdk/imt_sdk_win_64/winarm/armgcc/bin/../lib/gcc/arm-none-eabi/7.2.1/../../../../arm-none-eabi/lib/thumb/v7e-m\libg_nano.a(lib_a-memmove.o)
                              d:/courses/embedded/embedded systems/imt sdk/imt_sdk_win_64/winarm/armgcc/bin/../lib/gcc/arm-none-eabi/7.2.1/../../../../arm-none-eabi/lib/thumb/v7e-m\libg_nano.a(lib_a-nano-svfprintf.o) (memmove)
d:/courses/embedded/embedded systems/imt sdk/imt_sdk_win_64/winarm/armgcc/bin/../lib/gcc/arm-none-eabi/7.2.1/../../../../arm-none-eabi/lib/thumb/v7e-m\libg_nano.a(lib_a-nano-freer.o)
                              d:/courses/embedded/embedded systems/imt sdk/imt_sdk_win_64/winarm/armgcc/bin/../lib/gcc/arm-none-eabi/7.2.1/../../../../arm-none-eabi/lib/thumb/v7e-m\libg_nano.a(lib_a-nano-svfprintf.o) (_free_r)
d:/courses/embedded/embedded systems/imt sdk/imt_sdk_win_64/winarm/armgcc/bin/../lib/gcc/arm-none-eabi/7.2.1/../../../../arm-none-eabi/lib/thumb/v7e-m\libg_nano.a(lib_a-nano-mallocr.o)
                              d:/courses/embedded/embedded systems/imt sdk/imt_sdk_win_64/winarm/armgcc/bin/../lib/gcc/arm-none-eabi/7.2.1/../../../../arm-none-eabi/lib/thumb/v7e-m\libg_nano.a(lib_a-nano-svfprintf.o) (_malloc_r)
d:/courses/embedded/embedded systems/imt sdk/imt_sdk_win_64/winarm/armgcc/bin/../lib/gcc/arm-none-eabi/7.2.1/../../../../arm-none-eabi/lib/thumb/v7e-m\libg_nano.a(lib_a-nano-reallocr.o)
                              d:/courses/embedded/embedded systems/imt sdk/imt_sdk_win_64/winarm/armgcc/bin/../lib/gcc/arm-none-eabi/7.2.1/../../../../arm-none-eabi/lib/thumb/v7e-m\libg_nano.a(lib_a-nano-svfprintf.o) (_realloc_r)
d:/courses/embedded/embedded systems/imt sdk/imt_sdk_win_64/winarm/armgcc/bin/../lib/gcc/arm-none-eabi/7.2.1/../../../../arm-none-eabi/lib/thumb/v7e-m\libg_nano.a(lib_a-sbrkr.o)
[...]
Memory Configuration

Name             Origin             Length             Attributes
RAM              0x20000000         0x00010000         xrw
CCMRAM           0x10000000         0x00000000         xrw
FLASH            0x08000000         0x00040000         xr
FLASHB1          0x00000000         0x00000000         xr
EXTMEMB0         0x00000000         0x00000000         xr
EXTMEMB1         0x00000000         0x00000000         xr
EXTMEMB2         0x00000000         0x00000000         xr
EXTMEMB3         0x00000000         0x00000000         xr
*default*        0x00000000         0xffffffff

Linker script and memory map

LOAD ./system/src/stm32f4-hal/stm32f4xx_hal.o
LOAD ./system/src/stm32f4-hal/stm32f4xx_hal_cortex.o
LOAD ./system/src/stm32f4-hal/stm32f4xx_hal_dfsdm.o
LOAD ./system/src/stm32f4-hal/stm32f4xx_hal_flash.o
LOAD ./system/src/stm32f4-hal/stm32f4xx_hal_gpio.o
LOAD ./system/src/stm32f4-hal/stm32f4xx_hal_iwdg.o
LOAD ./system/src/stm32f4-hal/stm32f4xx_hal_pwr.o
LOAD ./system/src/stm32f4-hal/stm32f4xx_hal_rcc.o
LOAD ./system/src/newlib/_cxx.o
LOAD ./system/src/newlib/_exit.o
LOAD ./system/src/newlib/_sbrk.o
LOAD ./system/src/newlib/_startup.o
LOAD ./system/src/newlib/_syscalls.o
LOAD ./system/src/newlib/assert.o
LOAD ./system/src/diag/Trace.o
LOAD ./system/src/diag/trace_impl.o
LOAD ./system/src/cortexm/_initialize_hardware.o
LOAD ./system/src/cortexm/_reset_hardware.o
LOAD ./system/src/cortexm/exception_handlers.o
LOAD ./system/src/cmsis/system_stm32f4xx.o
LOAD ./system/src/cmsis/vectors_stm32f401xc.o
LOAD ./src/HESP_prg.o
LOAD ./src/HLEDMATRIX_prg.o
LOAD ./src/HR2RDAC_prg.o
LOAD ./src/HSTP_prg.o
LOAD ./src/HTFT_prg.o
LOAD ./src/MDMA_prg.o
LOAD ./src/MEXTI_prg.o
LOAD ./src/MFMI_prg.o
LOAD ./src/MGPIO_prg.o
LOAD ./src/MNVIC_prg.o
LOAD ./src/MRCC_prg.o
LOAD ./src/MSPI_prg.o
LOAD ./src/MSYSTICK_prg.o
LOAD ./src/MUSART_prg.o
LOAD ./src/RTOS_prg.o
LOAD ./src/_write.o
LOAD ./src/main.o
LOAD d:/courses/embedded/embedded systems/imt sdk/imt_sdk_win_64/winarm/armgcc/bin/../lib/gcc/arm-none-eabi/7.2.1/../../../../arm-none-eabi/lib/thumb/v7e-m\libstdc++_nano.a
LOAD d:/courses/embedded/embedded systems/imt sdk/imt_sdk_win_64/winarm/armgcc/bin/../lib/gcc/arm-none-eabi/7.2.1/../../../../arm-none-eabi/lib/thumb/v7e-m\libm.a
START GROUP
LOAD d:/courses/embedded/embedded systems/imt sdk/imt_sdk_win_64/winarm/armgcc/bin/../lib/gcc/arm-none-eabi/7.2.1/thumb/v7e-m\libgcc.a
LOAD d:/courses/embedded/embedded systems/imt sdk/imt_sdk_win_64/winarm/armgcc/bin/../lib/gcc/arm-none-eabi/7.2.1/../../../../arm-none-eabi/lib/thumb/v7e-m\libg_nano.a
LOAD d:/courses/embedded/embedded systems/imt sdk/imt_sdk_win_64/winarm/armgcc/bin/../lib/gcc/arm-none-eabi/7.2.1/../../../../arm-none-eabi/lib/thumb/v7e-m\libc_nano.a
END GROUP
START GROUP
LOAD d:/courses/embedded/embedded systems/imt sdk/imt_sdk_win_64/winarm/armgcc/bin/../lib/gcc/arm-none-eabi/7.2.1/thumb/v7e-m\libgcc.a
LOAD d:/courses/embedded/embedded systems/imt sdk/imt_sdk_win_64/winarm/armgcc/bin/../lib/gcc/arm-none-eabi/7.2.1/../../../../arm-none-eabi/lib/thumb/v7e-m\libc_nano.a
END GROUP
                0x20010000                __stack = (ORIGIN (RAM) + LENGTH (RAM))
                0x20010000                _estack = __stack
                0x00000400                __Main_Stack_Size = 0x400
                [!provide]                PROVIDE (_Main_Stack_Size, __Main_Stack_Size)
                0x2000fc00                __Main_Stack_Limit = (__stack - __Main_Stack_Size)
                [!provide]                PROVIDE (_Main_Stack_Limit, __Main_Stack_Limit)
                0x00000100                _Minimum_Stack_Size = 0x100
                0x20002bb0                PROVIDE (_Heap_Begin, _end_noinit)
                0x2000fc00                PROVIDE (_Heap_Limit, (__stack - __Main_Stack_Size))

.isr_vector     0x08000000      0x3f4
 FILL mask 0xff
                0x08000000                __vectors_start = ABSOLUTE (.)
                0x08000000                __vectors_start__ = ABSOLUTE (.)
 *(.isr_vector)
 .isr_vector    0x08000000      0x194 ./system/src/cmsis/vectors_stm32f401xc.o
                0x08000000                __isr_vectors
 *(.cfmconfig)
 *(.after_vectors .after_vectors.*)
 .after_vectors
                0x08000194      0x130 ./system/src/newlib/_startup.o
                0x08000194                _start
 .after_vectors
                0x080002c4      0x12c ./system/src/cortexm/exception_handlers.o
                0x080002c4                Reset_Handler
                0x080002ca                NMI_Handler
                0x080002ce                HardFault_Handler
                0x080002e2                HardFault_Handler_C
                0x08000340                MemManage_Handler
                0x08000344                BusFault_Handler
                0x08000358                BusFault_Handler_C
                0x0800038c                UsageFault_Handler
                0x080003a0                UsageFault_Handler_C
                0x080003d4                SVC_Handler
                0x080003d8                DebugMon_Handler
                0x080003dc                PendSV_Handler
                0x080003e0                SysTick_Handler
 .after_vectors
                0x080003f0        0x4 ./system/src/cmsis/vectors_stm32f401xc.o
                0x080003f0                RTC_Alarm_IRQHandler
                0x080003f0                EXTI2_IRQHandler
                0x080003f0                SPI4_IRQHandler
                0x080003f0                TIM1_CC_IRQHandler
                0x080003f0                DMA2_Stream5_IRQHandler
                0x080003f0                DMA1_Stream5_IRQHandler
                0x080003f0                PVD_IRQHandler
                0x080003f0                SDIO_IRQHandler
                0x080003f0                TAMP_STAMP_IRQHandler
                0x080003f0                EXTI3_IRQHandler
                0x080003f0                TIM1_UP_TIM10_IRQHandler
                0x080003f0                I2C3_ER_IRQHandler
                0x080003f0                I2C2_EV_IRQHandler
                0x080003f0                DMA1_Stream2_IRQHandler
                0x080003f0                FPU_IRQHandler
                0x080003f0                DMA2_Stream2_IRQHandler
                0x080003f0                SPI1_IRQHandler
                0x080003f0                TIM1_BRK_TIM9_IRQHandler
                0x080003f0                DMA2_Stream3_IRQHandler
                0x080003f0                USART6_IRQHandler
                0x080003f0                TIM4_IRQHandler
                0x080003f0                I2C1_EV_IRQHandler
                0x080003f0                DMA1_Stream6_IRQHandler
                0x080003f0                DMA1_Stream1_IRQHandler
                0x080003f0                TIM3_IRQHandler
                0x080003f0                RCC_IRQHandler
                0x080003f0                Default_Handler
                0x080003f0                EXTI15_10_IRQHandler
                0x080003f0                ADC_IRQHandler
                0x080003f0                DMA1_Stream7_IRQHandler
                0x080003f0                TIM5_IRQHandler
                0x080003f0                DMA2_Stream7_IRQHandler
                0x080003f0                I2C3_EV_IRQHandler
                0x080003f0                EXTI9_5_IRQHandler
                0x080003f0                RTC_WKUP_IRQHandler
                0x080003f0                SPI2_IRQHandler
                0x080003f0                DMA1_Stream0_IRQHandler
                0x080003f0                EXTI4_IRQHandler
                0x080003f0                WWDG_IRQHandler
                0x080003f0                TIM2_IRQHandler
                0x080003f0                OTG_FS_WKUP_IRQHandler
                0x080003f0                TIM1_TRG_COM_TIM11_IRQHandler
                0x080003f0                USART2_IRQHandler
                0x080003f0                I2C2_ER_IRQHandler
                0x080003f0                DMA2_Stream1_IRQHandler
                0x080003f0                FLASH_IRQHandler
                0x080003f0                DMA2_Stream4_IRQHandler
                0x080003f0                OTG_FS_IRQHandler
                0x080003f0                SPI3_IRQHandler
                0x080003f0                DMA1_Stream4_IRQHandler
                0x080003f0                I2C1_ER_IRQHandler
                0x080003f0                DMA2_Stream6_IRQHandler
                0x080003f0                DMA1_Stream3_IRQHandler

.inits          0x080003f4       0x28
                0x080003f4                __data_regions_array_start = .
                0x080003f4        0x4 LONG 0x800177c LOADADDR (.data)
                0x080003f8        0x4 LONG 0x20000000 ADDR (.data)
                0x080003fc        0x4 LONG 0x20002aa8 (ADDR (.data) + SIZEOF (.data))
                0x08000400        0x4 LONG 0x800177c LOADADDR (.data_CCMRAM)
                0x08000404        0x4 LONG 0x10000000 ADDR (.data_CCMRAM)
                0x08000408        0x4 LONG 0x10000000 (ADDR (.data_CCMRAM) + SIZEOF (.data_CCMRAM))
                0x0800040c                __data_regions_array_end = .
                0x0800040c                __bss_regions_array_start = .
                0x0800040c        0x4 LONG 0x20002aa8 ADDR (.bss)
                0x08000410        0x4 LONG 0x20002bb0 (ADDR (.bss) + SIZEOF (.bss))
                0x08000414        0x4 LONG 0x10000000 ADDR (.bss_CCMRAM)
                0x08000418        0x4 LONG 0x10000000 (ADDR (.bss_CCMRAM) + SIZEOF (.bss_CCMRAM))
                0x0800041c                __bss_regions_array_end = .
 *(.init)
 *(.fini)
                0x0800041c                . = ALIGN (0x4)
                0x0800041c                PROVIDE (__preinit_array_start, .)
 *(.preinit_array_sysinit .preinit_array_sysinit.*)
 *(.preinit_array_platform .preinit_array_platform.*)
 *(.preinit_array .preinit_array.*)
                0x0800041c                PROVIDE (__preinit_array_end, .)
                0x0800041c                . = ALIGN (0x4)
                0x0800041c                PROVIDE (__init_array_start, .)
 *(SORT_BY_NAME(.init_array.*))
 *(.init_array)
                0x0800041c                PROVIDE (__init_array_end, .)
                0x0800041c                . = ALIGN (0x4)
                0x0800041c                PROVIDE (__fini_array_start, .)
 *(SORT_BY_NAME(.fini_array.*))
 *(.fini_array)
                0x0800041c                PROVIDE (__fini_array_end, .)

.flashtext
 *(.flashtext .flashtext.*)

.text           0x08000420     0x135b
 *(.text .text.*)
 .text._exit    0x08000420        0x2 ./system/src/newlib/_exit.o
                0x08000420                _exit
 *fill*         0x08000422        0x2 
 .text._sbrk    0x08000424       0x44 ./system/src/newlib/_sbrk.o
                0x08000424                _sbrk
 .text.__initialize_args
                0x08000468       0x10 ./system/src/newlib/_syscalls.o
                0x08000468                __initialize_args
 .text.trace_printf
                0x08000478       0x30 ./system/src/diag/Trace.o
                0x08000478                trace_printf
 .text._trace_write_semihosting_debug
                0x080004a8       0x60 ./system/src/diag/trace_impl.o
 .text.trace_write
                0x08000508        0x8 ./system/src/diag/trace_impl.o
                0x08000508                trace_write
 .text.__initialize_hardware_early
                0x08000510       0x18 ./system/src/cortexm/_initialize_hardware.o
                0x08000510                __initialize_hardware_early
 .text.__initialize_hardware
                0x08000528        0x8 ./system/src/cortexm/_initialize_hardware.o
                0x08000528                __initialize_hardware
 .text.dumpExceptionStack
                0x08000530       0xf4 ./system/src/cortexm/exception_handlers.o
                0x08000530                dumpExceptionStack
 .text.isSemihosting
                0x08000624       0x20 ./system/src/cortexm/exception_handlers.o
                0x08000624                isSemihosting
 .text.SystemInit
                0x08000644       0x40 ./system/src/cmsis/system_stm32f4xx.o
                0x08000644                SystemInit
 .text.SystemCoreClockUpdate
                0x08000684       0xa0 ./system/src/cmsis/system_stm32f4xx.o
                0x08000684                SystemCoreClockUpdate
 .text.DMA2_Stream0_IRQHandler
                0x08000724       0x10 ./src/MDMA_prg.o
                0x08000724                DMA2_Stream0_IRQHandler
 .text.MEXTI_voidInerruptSetPort
                0x08000734       0x34 ./src/MEXTI_prg.o
                0x08000734                MEXTI_voidInerruptSetPort
 .text.MEXTI_voidInterruptEnableDisable
                0x08000768       0x30 ./src/MEXTI_prg.o
                0x08000768                MEXTI_voidInterruptEnableDisable
 .text.MEXTI_voidInterruptTrigger
                0x08000798       0x58 ./src/MEXTI_prg.o
                0x08000798                MEXTI_voidInterruptTrigger
 .text.MEXTI0_voidCallBack
                0x080007f0        0xc ./src/MEXTI_prg.o
                0x080007f0                MEXTI0_voidCallBack
 .text.EXTI0_IRQHandler
                0x080007fc       0x20 ./src/MEXTI_prg.o
                0x080007fc                EXTI0_IRQHandler
 .text.EXTI1_IRQHandler
                0x0800081c       0x20 ./src/MEXTI_prg.o
                0x0800081c                EXTI1_IRQHandler
 .text.MGPIO_SetMode
                0x0800083c       0x8c ./src/MGPIO_prg.o
                0x0800083c                MGPIO_SetMode
 .text.MGPIO_SetInputPin
                0x080008c8       0x8c ./src/MGPIO_prg.o
                0x080008c8                MGPIO_SetInputPin
 .text.MGPIO_SetAlternativeFuncPin
                0x08000954       0xf8 ./src/MGPIO_prg.o
                0x08000954                MGPIO_SetAlternativeFuncPin
 .text.MNVIC_VoidEnableInterrupt
                0x08000a4c       0x24 ./src/MNVIC_prg.o
                0x08000a4c                MNVIC_VoidEnableInterrupt
 .text.MRCC_init
                0x08000a70       0x28 ./src/MRCC_prg.o
                0x08000a70                MRCC_init
 .text.MRCC_Enable_peripheral
                0x08000a98       0x50 ./src/MRCC_prg.o
                0x08000a98                MRCC_Enable_peripheral
 .text.MSYSYTICK_voidStart
                0x08000ae8       0x18 ./src/MSYSTICK_prg.o
                0x08000ae8                MSYSYTICK_voidStart
 .text.MSYSYTICK_voidReadFlag
                0x08000b00       0x10 ./src/MSYSTICK_prg.o
                0x08000b00                MSYSYTICK_voidReadFlag
 .text.MSYSYTICK_voidCtrlIntState
                0x08000b10       0x24 ./src/MSYSTICK_prg.o
                0x08000b10                MSYSYTICK_voidCtrlIntState
 .text.MSYSYTICK_voidDelayms
                0x08000b34       0x20 ./src/MSYSTICK_prg.o
                0x08000b34                MSYSYTICK_voidDelayms
 .text.MUSART_voidInit
                0x08000b54       0x50 ./src/MUSART_prg.o
                0x08000b54                MUSART_voidInit
 .text.MUSART_voidEnable
                0x08000ba4       0x10 ./src/MUSART_prg.o
                0x08000ba4                MUSART_voidEnable
 .text.MUSART_voidDisable
                0x08000bb4       0x10 ./src/MUSART_prg.o
                0x08000bb4                MUSART_voidDisable
 .text.USART1_IRQHandler
                0x08000bc4       0x10 ./src/MUSART_prg.o
                0x08000bc4                USART1_IRQHandler
 .text.MUSART_voidTransmit
                0x08000bd4       0x24 ./src/MUSART_prg.o
                0x08000bd4                MUSART_voidTransmit
 .text.EXTI     0x08000bf8       0x88 ./src/main.o
                0x08000bf8                EXTI
 .text.main     0x08000c80       0x80 ./src/main.o
                0x08000c80                main
 .text.__errno  0x08000d00        0xc d:/courses/embedded/embedded systems/imt sdk/imt_sdk_win_64/winarm/armgcc/bin/../lib/gcc/arm-none-eabi/7.2.1/../../../../arm-none-eabi/lib/thumb/v7e-m\libg_nano.a(lib_a-errno.o)
                0x08000d00                __errno
 .text._vsnprintf_r
                0x08000d0c       0x58 d:/courses/embedded/embedded systems/imt sdk/imt_sdk_win_64/winarm/armgcc/bin/../lib/gcc/arm-none-eabi/7.2.1/../../../../arm-none-eabi/lib/thumb/v7e-m\libg_nano.a(lib_a-vsnprintf.o)
                0x08000d0c                _vsniprintf_r
                0x08000d0c                _vsnprintf_r
 .text.vsnprintf
                0x08000d64       0x1c d:/courses/embedded/embedded systems/imt sdk/imt_sdk_win_64/winarm/armgcc/bin/../lib/gcc/arm-none-eabi/7.2.1/../../../../arm-none-eabi/lib/thumb/v7e-m\libg_nano.a(lib_a-vsnprintf.o)
                0x08000d64                vsniprintf
                0x08000d64                vsnprintf
 .text.__ssputs_r
                0x08000d80       0xb4 d:/courses/embedded/embedded systems/imt sdk/imt_sdk_win_64/winarm/armgcc/bin/../lib/gcc/arm-none-eabi/7.2.1/../../../../arm-none-eabi/lib/thumb/v7e-m\libg_nano.a(lib_a-nano-svfprintf.o)
                0x08000d80                __ssputs_r
 .text._svfprintf_r
                0x08000e34      0x1ec d:/courses/embedded/embedded systems/imt sdk/imt_sdk_win_64/winarm/armgcc/bin/../lib/gcc/arm-none-eabi/7.2.1/../../../../arm-none-eabi/lib/thumb/v7e-m\libg_nano.a(lib_a-nano-svfprintf.o)
                0x08000e34                _svfiprintf_r
                0x08000e34                _svfprintf_r
 .text._printf_common
                0x08001020       0xea d:/courses/embedded/embedded systems/imt sdk/imt_sdk_win_64/winarm/armgcc/bin/../lib/gcc/arm-none-eabi/7.2.1/../../../../arm-none-eabi/lib/thumb/v7e-m\libg_nano.a(lib_a-nano-vfprintf_i.o)
                0x08001020                _printf_common
 *fill*         0x0800110a        0x2 
 .text._printf_i
                0x0800110c      0x224 d:/courses/embedded/embedded systems/imt sdk/imt_sdk_win_64/winarm/armgcc/bin/../lib/gcc/arm-none-eabi/7.2.1/../../../../arm-none-eabi/lib/thumb/v7e-m\libg_nano.a(lib_a-nano-vfprintf_i.o)
                0x0800110c                _printf_i
 .text          0x08001330       0xa0 d:/courses/embedded/embedded systems/imt sdk/imt_sdk_win_64/winarm/armgcc/bin/../lib/gcc/arm-none-eabi/7.2.1/../../../../arm-none-eabi/lib/thumb/v7e-m\libg_nano.a(lib_a-memchr.o)
                0x08001330                memchr
 .text.memcpy   0x080013d0       0x16 d:/courses/embedded/embedded systems/imt sdk/imt_sdk_win_64/winarm/armgcc/bin/../lib/gcc/arm-none-eabi/7.2.1/../../../../arm-none-eabi/lib/thumb/v7e-m\libg_nano.a(lib_a-memcpy-stub.o)
                0x080013d0                memcpy
 .text.memmove  0x080013e6       0x32 d:/courses/embedded/embedded systems/imt sdk/imt_sdk_win_64/winarm/armgcc/bin/../lib/gcc/arm-none-eabi/7.2.1/../../../../arm-none-eabi/lib/thumb/v7e-m\libg_nano.a(lib_a-memmove.o)
                0x080013e6                memmove
 .text._free_r  0x08001418       0x9c d:/courses/embedded/embedded systems/imt sdk/imt_sdk_win_64/winarm/armgcc/bin/../lib/gcc/arm-none-eabi/7.2.1/../../../../arm-none-eabi/lib/thumb/v7e-m\libg_nano.a(lib_a-nano-freer.o)
                0x08001418                _free_r
 .text._malloc_r
                0x080014b4       0xb4 d:/courses/embedded/embedded systems/imt sdk/imt_sdk_win_64/winarm/armgcc/bin/../lib/gcc/arm-none-eabi/7.2.1/../../../../arm-none-eabi/lib/thumb/v7e-m\libg_nano.a(lib_a-nano-mallocr.o)
                0x080014b4                _malloc_r
 .text._realloc_r
                0x08001568       0x4c d:/courses/embedded/embedded systems/imt sdk/imt_sdk_win_64/winarm/armgcc/bin/../lib/gcc/arm-none-eabi/7.2.1/../../../../arm-none-eabi/lib/thumb/v7e-m\libg_nano.a(lib_a-nano-reallocr.o)
                0x08001568                _realloc_r
 .text._sbrk_r  0x080015b4       0x20 d:/courses/embedded/embedded systems/imt sdk/imt_sdk_win_64/winarm/armgcc/bin/../lib/gcc/arm-none-eabi/7.2.1/../../../../arm-none-eabi/lib/thumb/v7e-m\libg_nano.a(lib_a-sbrkr.o)
                0x080015b4                _sbrk_r
 .text.__malloc_lock
                0x080015d4        0x2 d:/courses/embedded/embedded systems/imt sdk/imt_sdk_win_64/winarm/armgcc/bin/../lib/gcc/arm-none-eabi/7.2.1/../../../../arm-none-eabi/lib/thumb/v7e-m\libg_nano.a(lib_a-mlock.o)
                0x080015d4                __malloc_lock
 .text.__malloc_unlock
                0x080015d6        0x2 d:/courses/embedded/embedded systems/imt sdk/imt_sdk_win_64/winarm/armgcc/bin/../lib/gcc/arm-none-eabi/7.2.1/../../../../arm-none-eabi/lib/thumb/v7e-m\libg_nano.a(lib_a-mlock.o)
                0x080015d6                __malloc_unlock
 .text._malloc_usable_size_r
                0x080015d8       0x10 d:/courses/embedded/embedded systems/imt sdk/imt_sdk_win_64/winarm/armgcc/bin/../lib/gcc/arm-none-eabi/7.2.1/../../../../arm-none-eabi/lib/thumb/v7e-m\libg_nano.a(lib_a-nano-msizer.o)
                0x080015d8                _malloc_usable_size_r
 *(.rodata .rodata.* .constdata .constdata.*)
 .rodata.dumpExceptionStack.str1.4
                0x080015e8      0x11a ./system/src/cortexm/exception_handlers.o
 *fill*         0x08001702        0x2 
 .rodata.str1.4
                0x08001704       0x2a ./system/src/cortexm/exception_handlers.o
 *fill*         0x0800172e        0x2 
 .rodata.AHBPrescTable
                0x08001730       0x10 ./system/src/cmsis/system_stm32f4xx.o
                0x08001730                AHBPrescTable
 .rodata.EXTI.str1.4
                0x08001740        0x8 ./src/main.o
                                  0x7 (size before relaxing)
 .rodata._svfprintf_r.str1.1
                0x08001748       0x11 d:/courses/embedded/embedded systems/imt sdk/imt_sdk_win_64/winarm/armgcc/bin/../lib/gcc/arm-none-eabi/7.2.1/../../../../arm-none-eabi/lib/thumb/v7e-m\libg_nano.a(lib_a-nano-svfprintf.o)
 .rodata._printf_i.str1.1
                0x08001759       0x22 d:/courses/embedded/embedded systems/imt sdk/imt_sdk_win_64/winarm/armgcc/bin/../lib/gcc/arm-none-eabi/7.2.1/../../../../arm-none-eabi/lib/thumb/v7e-m\libg_nano.a(lib_a-nano-vfprintf_i.o)
 *(vtable)
 *(.eh_frame*)
 *(.glue_7)
 .glue_7        0x0800177b        0x0 linker stubs
 *(.glue_7t)
 .glue_7t       0x0800177b        0x0 linker stubs

.vfp11_veneer   0x0800177c        0x0
 .vfp11_veneer  0x0800177c        0x0 linker stubs

.v4_bx          0x0800177c        0x0
 .v4_bx         0x0800177c        0x0 linker stubs

.iplt           0x0800177c        0x0
 .iplt          0x0800177c        0x0 ./system/src/newlib/_exit.o

.rel.dyn        0x0800177c        0x0
 .rel.iplt      0x0800177c        0x0 ./system/src/newlib/_exit.o

.ARM.extab
 *(.ARM.extab* .gnu.linkonce.armextab.*)
                0x0800177c                . = ALIGN (0x4)
                0x0800177c                __exidx_start = .

.ARM.exidx
 *(.ARM.exidx* .gnu.linkonce.armexidx.*)
                0x0800177c                __exidx_end = .
                0x0800177c                . = ALIGN (0x4)
                0x0800177c                _etext = .
                0x0800177c                __etext = .

.data_CCMRAM    0x10000000        0x0 load address 0x0800177c
 FILL mask 0xff
 *(.data.CCMRAM .data.CCMRAM.*)
                0x10000000                . = ALIGN (0x4)
                0x0800177c                _sidata = LOADADDR (.data)

.data           0x20000000     0x2aa8 load address 0x0800177c
 FILL mask 0xff
                0x20000000                _sdata = .
                0x20000000                __data_start__ = .
 *(.data_begin .data_begin.*)
 .data_begin    0x20000000        0x4 ./system/src/newlib/_startup.o
 *(.data .data.*)
 .data.argv.4310
                0x20000004        0x8 ./system/src/newlib/_syscalls.o
 .data.SystemCoreClock
                0x2000000c        0x4 ./system/src/cmsis/system_stm32f4xx.o
                0x2000000c                SystemCoreClock
 .data.arr      0x20000010     0x2a30 ./src/main.o
                0x20000010                arr
 .data._impure_ptr
                0x20002a40        0x4 d:/courses/embedded/embedded systems/imt sdk/imt_sdk_win_64/winarm/armgcc/bin/../lib/gcc/arm-none-eabi/7.2.1/../../../../arm-none-eabi/lib/thumb/v7e-m\libg_nano.a(lib_a-impure.o)
                0x20002a40                _impure_ptr
 .data.impure_data
                0x20002a44       0x60 d:/courses/embedded/embedded systems/imt sdk/imt_sdk_win_64/winarm/armgcc/bin/../lib/gcc/arm-none-eabi/7.2.1/../../../../arm-none-eabi/lib/thumb/v7e-m\libg_nano.a(lib_a-impure.o)
 *(.data_end .data_end.*)
 .data_end      0x20002aa4        0x4 ./system/src/newlib/_startup.o
                0x20002aa8                . = ALIGN (0x4)
                0x20002aa8                _edata = .
                0x20002aa8                __data_end__ = .

.igot.plt       0x20002aa8        0x0 load address 0x08004224
 .igot.plt      0x20002aa8        0x0 ./system/src/newlib/_exit.o

.bss_CCMRAM     0x10000000        0x0
 *(.bss.CCMRAM .bss.CCMRAM.*)

.bss            0x20002aa8      0x108
                0x20002aa8                __bss_start__ = .
                0x20002aa8                _sbss = .
 *(.bss_begin .bss_begin.*)
 .bss_begin     0x20002aa8        0x4 ./system/src/newlib/_startup.o
 *(.bss .bss.*)
 .bss.current_heap_end.3961
                0x20002aac        0x4 ./system/src/newlib/_sbrk.o
 .bss.name.4309
                0x20002ab0        0x1 ./system/src/newlib/_syscalls.o
 *fill*         0x20002ab1        0x3 
 .bss.buf.5205  0x20002ab4       0x80 ./system/src/diag/Trace.o
 .bss.DMA2_S0_ptr
                0x20002b34       0x20 ./src/MDMA_prg.o
 .bss.Global_EXTIPtr
                0x20002b54       0x40 ./src/MEXTI_prg.o
 .bss.global_ptr
                0x20002b94        0x4 ./src/MUSART_prg.o
 .bss.Local_u8Uartstatus
                0x20002b98        0x1 ./src/main.o
                0x20002b98                Local_u8Uartstatus
 *fill*         0x20002b99        0x3 
 .bss.__malloc_free_list
                0x20002b9c        0x4 d:/courses/embedded/embedded systems/imt sdk/imt_sdk_win_64/winarm/armgcc/bin/../lib/gcc/arm-none-eabi/7.2.1/../../../../arm-none-eabi/lib/thumb/v7e-m\libg_nano.a(lib_a-nano-mallocr.o)
                0x20002b9c                __malloc_free_list
 .bss.__malloc_sbrk_start
                0x20002ba0        0x4 d:/courses/embedded/embedded systems/imt sdk/imt_sdk_win_64/winarm/armgcc/bin/../lib/gcc/arm-none-eabi/7.2.1/../../../../arm-none-eabi/lib/thumb/v7e-m\libg_nano.a(lib_a-nano-mallocr.o)
                0x20002ba0                __malloc_sbrk_start
 *(COMMON)
 COMMON         0x20002ba4        0x4 ./system/src/newlib/_syscalls.o
                0x20002ba4                errno
 COMMON         0x20002ba8        0x2 ./src/main.o
                0x20002ba8                Local_RecordCounter
                0x20002ba9                String_Counter
 *(.bss_end .bss_end.*)
 *fill*         0x20002baa        0x2 
 .bss_end       0x20002bac        0x4 ./system/src/newlib/_startup.o
                0x20002bb0                . = ALIGN (0x4)
                0x20002bb0                __bss_end__ = .
                0x20002bb0                _ebss = .

.noinit_CCMRAM
 *(.noinit.CCMRAM .noinit.CCMRAM.*)

.noinit         0x20002bb0        0x0
                0x20002bb0                _noinit = .
 *(.noinit .noinit.*)
                0x20002bb0                . = ALIGN (0x4)
                0x20002bb0                _end_noinit = .
                [!provide]                PROVIDE (end, _end_noinit)
                [!provide]                PROVIDE (_end, _end_noinit)
                [!provide]                PROVIDE (__end, _end_noinit)
                [!provide]                PROVIDE (__end__, _end_noinit)

._check_stack   0x20002bb0      0x100
                0x20002cb0                . = (. + _Minimum_Stack_Size)
 *fill*         0x20002bb0      0x100 

.b1text
 *(.b1text)
 *(.b1rodata)
 *(.b1rodata.*)

.eb0text
 *(.eb0text)
 *(.eb0rodata)
 *(.eb0rodata.*)

.eb1text
 *(.eb1text)
 *(.eb1rodata)
 *(.eb1rodata.*)

.eb2text
 *(.eb2text)
 *(.eb2rodata)
 *(.eb2rodata.*)

.eb3text
 *(.eb3text)
 *(.eb3rodata)
 *(.eb3rodata.*)

.stab
 *(.stab)

.stabstr
 *(.stabstr)

.stab.excl
 *(.stab.excl)

.stab.exclstr
 *(.stab.exclstr)

.stab.index
 *(.stab.index)

.stab.indexstr
 *(.stab.indexstr)

.comment        0x00000000       0x7e
 *(.comment)
 .comment       0x00000000       0x7e ./system/src/newlib/_exit.o
                                 0x7f (size before relaxing)
 .comment       0x0000007e       0x7f ./system/src/newlib/_sbrk.o
 .comment       0x0000007e       0x7f ./system/src/newlib/_startup.o
 .comment       0x0000007e       0x7f ./system/src/newlib/_syscalls.o
 .comment       0x0000007e       0x7f ./system/src/diag/Trace.o
 .comment       0x0000007e       0x7f ./system/src/diag/trace_impl.o
 .comment       0x0000007e       0x7f ./system/src/cortexm/_initialize_hardware.o
 .comment       0x0000007e       0x7f ./system/src/cortexm/exception_handlers.o
 .comment       0x0000007e       0x7f ./system/src/cmsis/system_stm32f4xx.o
 .comment       0x0000007e       0x7f ./system/src/cmsis/vectors_stm32f401xc.o
 .comment       0x0000007e       0x7f ./src/MDMA_prg.o
 .comment       0x0000007e       0x7f ./src/MEXTI_prg.o
 .comment       0x0000007e       0x7f ./src/MGPIO_prg.o
 .comment       0x0000007e       0x7f ./src/MNVIC_prg.o
 .comment       0x0000007e       0x7f ./src/MRCC_prg.o
 .comment       0x0000007e       0x7f ./src/MSYSTICK_prg.o
 .comment       0x0000007e       0x7f ./src/MUSART_prg.o
 .comment       0x0000007e       0x7f ./src/main.o

.ARM.attributes
                0x00000000       0x31
 .ARM.attributes
                0x00000000       0x33 ./system/src/newlib/_exit.o
 .ARM.attributes
                0x00000033       0x33 ./system/src/newlib/_sbrk.o
 .ARM.attributes
                0x00000066       0x33 ./system/src/newlib/_startup.o
 .ARM.attributes
                0x00000099       0x33 ./system/src/newlib/_syscalls.o
 .ARM.attributes
                0x000000cc       0x33 ./system/src/diag/Trace.o
 .ARM.attributes
                0x000000ff       0x33 ./system/src/diag/trace_impl.o
 .ARM.attributes
                0x00000132       0x33 ./system/src/cortexm/_initialize_hardware.o
 .ARM.attributes
                0x00000165       0x33 ./system/src/cortexm/exception_handlers.o
 .ARM.attributes
                0x00000198       0x33 ./system/src/cmsis/system_stm32f4xx.o
 .ARM.attributes
                0x000001cb       0x33 ./system/src/cmsis/vectors_stm32f401xc.o
 .ARM.attributes
                0x000001fe       0x33 ./src/MDMA_prg.o
 .ARM.attributes
                0x00000231       0x33 ./src/MEXTI_prg.o
 .ARM.attributes
                0x00000264       0x33 ./src/MGPIO_prg.o
 .ARM.attributes
                0x00000297       0x33 ./src/MNVIC_prg.o
 .ARM.attributes
                0x000002ca       0x33 ./src/MRCC_prg.o
 .ARM.attributes
                0x000002fd       0x33 ./src/MSYSTICK_prg.o
 .ARM.attributes
                0x00000330       0x33 ./src/MUSART_prg.o
 .ARM.attributes
                0x00000363       0x33 ./src/main.o
 .ARM.attributes
                0x00000396       0x2e d:/courses/embedded/embedded systems/imt sdk/imt_sdk_win_64/winarm/armgcc/bin/../lib/gcc/arm-none-eabi/7.2.1/../../../../arm-none-eabi/lib/thumb/v7e-m\libg_nano.a(lib_a-errno.o)
 .ARM.attributes
                0x000003c4       0x2e d:/courses/embedded/embedded systems/imt sdk/imt_sdk_win_64/winarm/armgcc/bin/../lib/gcc/arm-none-eabi/7.2.1/../../../../arm-none-eabi/lib/thumb/v7e-m\libg_nano.a(lib_a-impure.o)
 .ARM.attributes
                0x000003f2       0x2e d:/courses/embedded/embedded systems/imt sdk/imt_sdk_win_64/winarm/armgcc/bin/../lib/gcc/arm-none-eabi/7.2.1/../../../../arm-none-eabi/lib/thumb/v7e-m\libg_nano.a(lib_a-vsnprintf.o)
 .ARM.attributes
                0x00000420       0x2e d:/courses/embedded/embedded systems/imt sdk/imt_sdk_win_64/winarm/armgcc/bin/../lib/gcc/arm-none-eabi/7.2.1/../../../../arm-none-eabi/lib/thumb/v7e-m\libg_nano.a(lib_a-nano-svfprintf.o)
 .ARM.attributes
                0x0000044e       0x2e d:/courses/embedded/embedded systems/imt sdk/imt_sdk_win_64/winarm/armgcc/bin/../lib/gcc/arm-none-eabi/7.2.1/../../../../arm-none-eabi/lib/thumb/v7e-m\libg_nano.a(lib_a-nano-vfprintf_i.o)
 .ARM.attributes
                0x0000047c       0x1c d:/courses/embedded/embedded systems/imt sdk/imt_sdk_win_64/winarm/armgcc/bin/../lib/gcc/arm-none-eabi/7.2.1/../../../../arm-none-eabi/lib/thumb/v7e-m\libg_nano.a(lib_a-memchr.o)
 .ARM.attributes
                0x00000498       0x2e d:/courses/embedded/embedded systems/imt sdk/imt_sdk_win_64/winarm/armgcc/bin/../lib/gcc/arm-none-eabi/7.2.1/../../../../arm-none-eabi/lib/thumb/v7e-m\libg_nano.a(lib_a-memcpy-stub.o)
 .ARM.attributes
                0x000004c6       0x2e d:/courses/embedded/embedded systems/imt sdk/imt_sdk_win_64/winarm/armgcc/bin/../lib/gcc/arm-none-eabi/7.2.1/../../../../arm-none-eabi/lib/thumb/v7e-m\libg_nano.a(lib_a-memmove.o)
 .ARM.attributes
                0x000004f4       0x2e d:/courses/embedded/embedded systems/imt sdk/imt_sdk_win_64/winarm/armgcc/bin/../lib/gcc/arm-none-eabi/7.2.1/../../../../arm-none-eabi/lib/thumb/v7e-m\libg_nano.a(lib_a-nano-freer.o)
 .ARM.attributes
                0x00000522       0x2e d:/courses/embedded/embedded systems/imt sdk/imt_sdk_win_64/winarm/armgcc/bin/../lib/gcc/arm-none-eabi/7.2.1/../../../../arm-none-eabi/lib/thumb/v7e-m\libg_nano.a(lib_a-nano-mallocr.o)
 .ARM.attributes
                0x00000550       0x2e d:/courses/embedded/embedded systems/imt sdk/imt_sdk_win_64/winarm/armgcc/bin/../lib/gcc/arm-none-eabi/7.2.1/../../../../arm-none-eabi/lib/thumb/v7e-m\libg_nano.a(lib_a-nano-reallocr.o)
 .ARM.attributes
                0x0000057e       0x2e d:/courses/embedded/embedded systems/imt sdk/imt_sdk_win_64/winarm/armgcc/bin/../lib/gcc/arm-none-eabi/7.2.1/../../../../arm-none-eabi/lib/thumb/v7e-m\libg_nano.a(lib_a-sbrkr.o)
 .ARM.attributes
                0x000005ac       0x2e d:/courses/embedded/embedded systems/imt sdk/imt_sdk_win_64/winarm/armgcc/bin/../lib/gcc/arm-none-eabi/7.2.1/../../../../arm-none-eabi/lib/thumb/v7e-m\libg_nano.a(lib_a-mlock.o)
 .ARM.attributes
                0x000005da       0x2e d:/courses/embedded/embedded systems/imt sdk/imt_sdk_win_64/winarm/armgcc/bin/../lib/gcc/arm-none-eabi/7.2.1/../../../../arm-none-eabi/lib/thumb/v7e-m\libg_nano.a(lib_a-nano-msizer.o)

.debug
 *(.debug)

.line
 *(.line)

.debug_srcinfo
 *(.debug_srcinfo)

.debug_sfnames
 *(.debug_sfnames)

.debug_aranges  0x00000000      0x480
 *(.debug_aranges)
 .debug_aranges
                0x00000000       0x28 ./system/src/newlib/_exit.o
 .debug_aranges
                0x00000028       0x20 ./system/src/newlib/_sbrk.o
 .debug_aranges
                0x00000048       0x40 ./system/src/newlib/_startup.o
 .debug_aranges
                0x00000088       0x30 ./system/src/newlib/_syscalls.o
 .debug_aranges
                0x000000b8       0x38 ./system/src/diag/Trace.o
 .debug_aranges
                0x000000f0       0x30 ./system/src/diag/trace_impl.o
 .debug_aranges
                0x00000120       0x28 ./system/src/cortexm/_initialize_hardware.o
 .debug_aranges
                0x00000148       0x90 ./system/src/cortexm/exception_handlers.o
 .debug_aranges
                0x000001d8       0x28 ./system/src/cmsis/system_stm32f4xx.o
 .debug_aranges
                0x00000200       0x20 ./system/src/cmsis/vectors_stm32f401xc.o
 .debug_aranges
                0x00000220       0x40 ./src/MDMA_prg.o
 .debug_aranges
                0x00000260       0x50 ./src/MEXTI_prg.o
 .debug_aranges
                0x000002b0       0x58 ./src/MGPIO_prg.o
 .debug_aranges
                0x00000308       0x50 ./src/MNVIC_prg.o
 .debug_aranges
                0x00000358       0x30 ./src/MRCC_prg.o
 .debug_aranges
                0x00000388       0x68 ./src/MSYSTICK_prg.o
 .debug_aranges
                0x000003f0       0x68 ./src/MUSART_prg.o
 .debug_aranges
                0x00000458       0x28 ./src/main.o

.debug_pubnames
 *(.debug_pubnames)

.debug_info     0x00000000     0x79f1
 *(.debug_info .gnu.linkonce.wi.*)
 .debug_info    0x00000000      0x956 ./system/src/newlib/_exit.o
 .debug_info    0x00000956      0x942 ./system/src/newlib/_sbrk.o
 .debug_info    0x00001298      0x4bf ./system/src/newlib/_startup.o
 .debug_info    0x00001757      0xa19 ./system/src/newlib/_syscalls.o
 .debug_info    0x00002170      0xb2a ./system/src/diag/Trace.o
 .debug_info    0x00002c9a      0xb6b ./system/src/diag/trace_impl.o
 .debug_info    0x00003805      0xade ./system/src/cortexm/_initialize_hardware.o
 .debug_info    0x000042e3     0x115a ./system/src/cortexm/exception_handlers.o
 .debug_info    0x0000543d      0xcfe ./system/src/cmsis/system_stm32f4xx.o
 .debug_info    0x0000613b       0xca ./system/src/cmsis/vectors_stm32f401xc.o
 .debug_info    0x00006205      0x251 ./src/MDMA_prg.o
 .debug_info    0x00006456      0x36d ./src/MEXTI_prg.o
 .debug_info    0x000067c3      0x30f ./src/MGPIO_prg.o
 .debug_info    0x00006ad2      0x30c ./src/MNVIC_prg.o
 .debug_info    0x00006dde      0x2a9 ./src/MRCC_prg.o
 .debug_info    0x00007087      0x272 ./src/MSYSTICK_prg.o
 .debug_info    0x000072f9      0x37b ./src/MUSART_prg.o
 .debug_info    0x00007674      0x37d ./src/main.o

.debug_abbrev   0x00000000     0x1d6d
 *(.debug_abbrev)
 .debug_abbrev  0x00000000      0x1f3 ./system/src/newlib/_exit.o
 .debug_abbrev  0x000001f3      0x1fc ./system/src/newlib/_sbrk.o
 .debug_abbrev  0x000003ef      0x1cb ./system/src/newlib/_startup.o
 .debug_abbrev  0x000005ba      0x234 ./system/src/newlib/_syscalls.o
 .debug_abbrev  0x000007ee      0x276 ./system/src/diag/Trace.o
 .debug_abbrev  0x00000a64      0x2ef ./system/src/diag/trace_impl.o
 .debug_abbrev  0x00000d53      0x1de ./system/src/cortexm/_initialize_hardware.o
 .debug_abbrev  0x00000f31      0x32b ./system/src/cortexm/exception_handlers.o
 .debug_abbrev  0x0000125c      0x216 ./system/src/cmsis/system_stm32f4xx.o
 .debug_abbrev  0x00001472       0x9d ./system/src/cmsis/vectors_stm32f401xc.o
 .debug_abbrev  0x0000150f      0x10f ./src/MDMA_prg.o
 .debug_abbrev  0x0000161e      0x11a ./src/MEXTI_prg.o
 .debug_abbrev  0x00001738       0xc0 ./src/MGPIO_prg.o
 .debug_abbrev  0x000017f8      0x124 ./src/MNVIC_prg.o
 .debug_abbrev  0x0000191c       0xa8 ./src/MRCC_prg.o
 .debug_abbrev  0x000019c4      0x157 ./src/MSYSTICK_prg.o
 .debug_abbrev  0x00001b1b      0x17b ./src/MUSART_prg.o
 .debug_abbrev  0x00001c96       0xd7 ./src/main.o

.debug_line     0x00000000     0x4a0f
 *(.debug_line)
 .debug_line    0x00000000      0x39f ./system/src/newlib/_exit.o
 .debug_line    0x0000039f      0x353 ./system/src/newlib/_sbrk.o
 .debug_line    0x000006f2      0x41b ./system/src/newlib/_startup.o
 .debug_line    0x00000b0d      0x47d ./system/src/newlib/_syscalls.o
 .debug_line    0x00000f8a      0x41b ./system/src/diag/Trace.o
 .debug_line    0x000013a5      0xb0f ./system/src/diag/trace_impl.o
 .debug_line    0x00001eb4      0xa78 ./system/src/cortexm/_initialize_hardware.o
 .debug_line    0x0000292c      0xbc6 ./system/src/cortexm/exception_handlers.o
 .debug_line    0x000034f2      0xa7e ./system/src/cmsis/system_stm32f4xx.o
 .debug_line    0x00003f70      0x116 ./system/src/cmsis/vectors_stm32f401xc.o
 .debug_line    0x00004086       0xe2 ./src/MDMA_prg.o
 .debug_line    0x00004168      0x112 ./src/MEXTI_prg.o
 .debug_line    0x0000427a      0x1fb ./src/MGPIO_prg.o
 .debug_line    0x00004475      0x105 ./src/MNVIC_prg.o
 .debug_line    0x0000457a       0xcf ./src/MRCC_prg.o
 .debug_line    0x00004649      0x152 ./src/MSYSTICK_prg.o
 .debug_line    0x0000479b      0x16b ./src/MUSART_prg.o
 .debug_line    0x00004906      0x109 ./src/main.o

.debug_frame    0x00000000      0xb84
 *(.debug_frame)
 .debug_frame   0x00000000       0x38 ./system/src/newlib/_exit.o
 .debug_frame   0x00000038       0x28 ./system/src/newlib/_sbrk.o
 .debug_frame   0x00000060       0x7c ./system/src/newlib/_startup.o
 .debug_frame   0x000000dc       0x50 ./system/src/newlib/_syscalls.o
 .debug_frame   0x0000012c       0x94 ./system/src/diag/Trace.o
 .debug_frame   0x000001c0       0x64 ./system/src/diag/trace_impl.o
 .debug_frame   0x00000224       0x40 ./system/src/cortexm/_initialize_hardware.o
 .debug_frame   0x00000264      0x158 ./system/src/cortexm/exception_handlers.o
 .debug_frame   0x000003bc       0x30 ./system/src/cmsis/system_stm32f4xx.o
 .debug_frame   0x000003ec       0x20 ./system/src/cmsis/vectors_stm32f401xc.o
 .debug_frame   0x0000040c       0x88 ./src/MDMA_prg.o
 .debug_frame   0x00000494       0x9c ./src/MEXTI_prg.o
 .debug_frame   0x00000530       0xd0 ./src/MGPIO_prg.o
 .debug_frame   0x00000600       0xb0 ./src/MNVIC_prg.o
 .debug_frame   0x000006b0       0x40 ./src/MRCC_prg.o
 .debug_frame   0x000006f0       0xc8 ./src/MSYSTICK_prg.o
 .debug_frame   0x000007b8       0xc4 ./src/MUSART_prg.o
 .debug_frame   0x0000087c       0x40 ./src/main.o
 .debug_frame   0x000008bc       0x20 d:/courses/embedded/embedded systems/imt sdk/imt_sdk_win_64/winarm/armgcc/bin/../lib/gcc/arm-none-eabi/7.2.1/../../../../arm-none-eabi/lib/thumb/v7e-m\libg_nano.a(lib_a-errno.o)
 .debug_frame   0x000008dc       0x4c d:/courses/embedded/embedded systems/imt sdk/imt_sdk_win_64/winarm/armgcc/bin/../lib/gcc/arm-none-eabi/7.2.1/../../../../arm-none-eabi/lib/thumb/v7e-m\libg_nano.a(lib_a-vsnprintf.o)
 .debug_frame   0x00000928       0x90 d:/courses/embedded/embedded systems/imt sdk/imt_sdk_win_64/winarm/armgcc/bin/../lib/gcc/arm-none-eabi/7.2.1/../../../../arm-none-eabi/lib/thumb/v7e-m\libg_nano.a(lib_a-nano-svfprintf.o)
 .debug_frame   0x000009b8       0x60 d:/courses/embedded/embedded systems/imt sdk/imt_sdk_win_64/winarm/armgcc/bin/../lib/gcc/arm-none-eabi/7.2.1/../../../../arm-none-eabi/lib/thumb/v7e-m\libg_nano.a(lib_a-nano-vfprintf_i.o)
 .debug_frame   0x00000a18       0x28 d:/courses/embedded/embedded systems/imt sdk/imt_sdk_win_64/winarm/armgcc/bin/../lib/gcc/arm-none-eabi/7.2.1/../../../../arm-none-eabi/lib/thumb/v7e-m\libg_nano.a(lib_a-memcpy-stub.o)
 .debug_frame   0x00000a40       0x28 d:/courses/embedded/embedded systems/imt sdk/imt_sdk_win_64/winarm/armgcc/bin/../lib/gcc/arm-none-eabi/7.2.1/../../../../arm-none-eabi/lib/thumb/v7e-m\libg_nano.a(lib_a-memmove.o)
 .debug_frame   0x00000a68       0x38 d:/courses/embedded/embedded systems/imt sdk/imt_sdk_win_64/winarm/armgcc/bin/../lib/gcc/arm-none-eabi/7.2.1/../../../../arm-none-eabi/lib/thumb/v7e-m\libg_nano.a(lib_a-nano-freer.o)
 .debug_frame   0x00000aa0       0x2c d:/courses/embedded/embedded systems/imt sdk/imt_sdk_win_64/winarm/armgcc/bin/../lib/gcc/arm-none-eabi/7.2.1/../../../../arm-none-eabi/lib/thumb/v7e-m\libg_nano.a(lib_a-nano-mallocr.o)
 .debug_frame   0x00000acc       0x3c d:/courses/embedded/embedded systems/imt sdk/imt_sdk_win_64/winarm/armgcc/bin/../lib/gcc/arm-none-eabi/7.2.1/../../../../arm-none-eabi/lib/thumb/v7e-m\libg_nano.a(lib_a-nano-reallocr.o)
 .debug_frame   0x00000b08       0x2c d:/courses/embedded/embedded systems/imt sdk/imt_sdk_win_64/winarm/armgcc/bin/../lib/gcc/arm-none-eabi/7.2.1/../../../../arm-none-eabi/lib/thumb/v7e-m\libg_nano.a(lib_a-sbrkr.o)
 .debug_frame   0x00000b34       0x30 d:/courses/embedded/embedded systems/imt sdk/imt_sdk_win_64/winarm/armgcc/bin/../lib/gcc/arm-none-eabi/7.2.1/../../../../arm-none-eabi/lib/thumb/v7e-m\libg_nano.a(lib_a-mlock.o)
 .debug_frame   0x00000b64       0x20 d:/courses/embedded/embedded systems/imt sdk/imt_sdk_win_64/winarm/armgcc/bin/../lib/gcc/arm-none-eabi/7.2.1/../../../../arm-none-eabi/lib/thumb/v7e-m\libg_nano.a(lib_a-nano-msizer.o)

.debug_str      0x00000000    0x738fc
 *(.debug_str)
 .debug_str     0x00000000     0x7d17 ./system/src/newlib/_exit.o
                               0x7eea (size before relaxing)
 .debug_str     0x00007d17      0x4f5 ./system/src/newlib/_sbrk.o
                               0x729c (size before relaxing)
 .debug_str     0x0000820c      0xc23 ./system/src/newlib/_startup.o
                               0x6a3d (size before relaxing)
 .debug_str     0x00008e2f      0xe8b ./system/src/newlib/_syscalls.o
                               0x8177 (size before relaxing)
 .debug_str     0x00009cba      0x826 ./system/src/diag/Trace.o
                               0x8662 (size before relaxing)
 .debug_str     0x0000a4e0    0x67a2e ./system/src/diag/trace_impl.o
                              0x70988 (size before relaxing)
 .debug_str     0x00071f0e       0xc4 ./system/src/cortexm/_initialize_hardware.o
                              0x6f71a (size before relaxing)
 .debug_str     0x00071fd2      0x1a6 ./system/src/cortexm/exception_handlers.o
                              0x70b12 (size before relaxing)
 .debug_str     0x00072178      0x164 ./system/src/cmsis/system_stm32f4xx.o
                              0x6f7fb (size before relaxing)
 .debug_str     0x000722dc       0x59 ./system/src/cmsis/vectors_stm32f401xc.o
                               0x387a (size before relaxing)
 .debug_str     0x00072335      0x301 ./src/MDMA_prg.o
                               0x308b (size before relaxing)
 .debug_str     0x00072636      0x3b2 ./src/MEXTI_prg.o
                               0x3240 (size before relaxing)
 .debug_str     0x000729e8      0x3eb ./src/MGPIO_prg.o
                               0x3278 (size before relaxing)
 .debug_str     0x00072dd3      0x2b1 ./src/MNVIC_prg.o
                               0x313f (size before relaxing)
 .debug_str     0x00073084      0x400 ./src/MRCC_prg.o
                               0x334a (size before relaxing)
 .debug_str     0x00073484      0x257 ./src/MSYSTICK_prg.o
                               0x30dd (size before relaxing)
 .debug_str     0x000736db      0x1d8 ./src/MUSART_prg.o
                               0x308c (size before relaxing)
 .debug_str     0x000738b3       0x49 ./src/main.o
                               0x3369 (size before relaxing)

.debug_loc      0x00000000     0x1697
 *(.debug_loc)
 .debug_loc     0x00000000       0x85 ./system/src/newlib/_sbrk.o
 .debug_loc     0x00000085      0x2cb ./system/src/newlib/_startup.o
 .debug_loc     0x00000350       0x63 ./system/src/newlib/_syscalls.o
 .debug_loc     0x000003b3       0xf6 ./system/src/diag/Trace.o
 .debug_loc     0x000004a9      0x121 ./system/src/diag/trace_impl.o
 .debug_loc     0x000005ca      0x291 ./system/src/cortexm/exception_handlers.o
 .debug_loc     0x0000085b      0x13e ./system/src/cmsis/system_stm32f4xx.o
 .debug_loc     0x00000999       0x76 ./src/MDMA_prg.o
 .debug_loc     0x00000a0f      0x15c ./src/MEXTI_prg.o
 .debug_loc     0x00000b6b      0x66f ./src/MGPIO_prg.o
 .debug_loc     0x000011da      0x1d0 ./src/MNVIC_prg.o
 .debug_loc     0x000013aa      0x1b0 ./src/MRCC_prg.o
 .debug_loc     0x0000155a       0x3c ./src/MSYSTICK_prg.o
 .debug_loc     0x00001596      0x101 ./src/MUSART_prg.o

.debug_macinfo
 *(.debug_macinfo)

.debug_weaknames
 *(.debug_weaknames)

.debug_funcnames
 *(.debug_funcnames)

.debug_typenames
 *(.debug_typenames)

.debug_varnames
 *(.debug_varnames)
OUTPUT(BOOT.elf elf32-littlearm)

.debug_ranges   0x00000000      0x3f0
 .debug_ranges  0x00000000       0x18 ./system/src/newlib/_exit.o
 .debug_ranges  0x00000018       0x10 ./system/src/newlib/_sbrk.o
 .debug_ranges  0x00000028       0x90 ./system/src/newlib/_startup.o
 .debug_ranges  0x000000b8       0x20 ./system/src/newlib/_syscalls.o
 .debug_ranges  0x000000d8       0x28 ./system/src/diag/Trace.o
 .debug_ranges  0x00000100       0x50 ./system/src/diag/trace_impl.o
 .debug_ranges  0x00000150       0x18 ./system/src/cortexm/_initialize_hardware.o
 .debug_ranges  0x00000168       0x80 ./system/src/cortexm/exception_handlers.o
 .debug_ranges  0x000001e8       0x18 ./system/src/cmsis/system_stm32f4xx.o
 .debug_ranges  0x00000200       0x10 ./system/src/cmsis/vectors_stm32f401xc.o
 .debug_ranges  0x00000210       0x30 ./src/MDMA_prg.o
 .debug_ranges  0x00000240       0x40 ./src/MEXTI_prg.o
 .debug_ranges  0x00000280       0x48 ./src/MGPIO_prg.o
 .debug_ranges  0x000002c8       0x40 ./src/MNVIC_prg.o
 .debug_ranges  0x00000308       0x20 ./src/MRCC_prg.o
 .debug_ranges  0x00000328       0x58 ./src/MSYSTICK_prg.o
 .debug_ranges  0x00000380       0x58 ./src/MUSART_prg.o
 .debug_ranges  0x000003d8       0x18 ./src/main.o

.debug_macro    0x00000000     0x369e
 .debug_macro   0x00000000      0x1b4 ./system/src/newlib/_exit.o
 .debug_macro   0x000001b4      0x10e ./system/src/newlib/_exit.o
 .debug_macro   0x000002c2       0x8d ./system/src/newlib/_exit.o
 .debug_macro   0x0000034f       0x35 ./system/src/newlib/_exit.o
 .debug_macro   0x00000384      0x169 ./system/src/newlib/_sbrk.o
 .debug_macro   0x000004ed      0x174 ./system/src/newlib/_sbrk.o
 .debug_macro   0x00000661       0x10 ./system/src/newlib/_sbrk.o
 .debug_macro   0x00000671      0x23b ./system/src/newlib/_sbrk.o
 .debug_macro   0x000008ac      0x173 ./system/src/newlib/_startup.o
 .debug_macro   0x00000a1f      0xa72 ./system/src/newlib/_startup.o
 .debug_macro   0x00001491      0x217 ./system/src/newlib/_syscalls.o
 .debug_macro   0x000016a8       0x1c ./system/src/newlib/_syscalls.o
 .debug_macro   0x000016c4       0x10 ./system/src/newlib/_syscalls.o
 .debug_macro   0x000016d4       0x10 ./system/src/newlib/_syscalls.o
 .debug_macro   0x000016e4       0x10 ./system/src/newlib/_syscalls.o
 .debug_macro   0x000016f4       0x35 ./system/src/newlib/_syscalls.o
 .debug_macro   0x00001729      0x122 ./system/src/newlib/_syscalls.o
 .debug_macro   0x0000184b       0x88 ./system/src/newlib/_syscalls.o
 .debug_macro   0x000018d3       0x2b ./system/src/newlib/_syscalls.o
 .debug_macro   0x000018fe      0x118 ./system/src/newlib/_syscalls.o
 .debug_macro   0x00001a16      0x189 ./system/src/newlib/_syscalls.o
 .debug_macro   0x00001b9f       0x16 ./system/src/newlib/_syscalls.o
 .debug_macro   0x00001bb5      0x1fb ./system/src/diag/Trace.o
 .debug_macro   0x00001db0       0x4c ./system/src/diag/Trace.o
 .debug_macro   0x00001dfc       0x16 ./system/src/diag/Trace.o
 .debug_macro   0x00001e12      0x52a ./system/src/diag/trace_impl.o
 .debug_macro   0x0000233c       0x22 ./system/src/diag/trace_impl.o
 .debug_macro   0x0000235e      0x4ee ./system/src/cortexm/_initialize_hardware.o
 .debug_macro   0x0000284c      0x557 ./system/src/cortexm/exception_handlers.o
 .debug_macro   0x00002da3       0x3b ./system/src/cortexm/exception_handlers.o
 .debug_macro   0x00002dde      0x4ea ./system/src/cmsis/system_stm32f4xx.o
 .debug_macro   0x000032c8       0x34 ./system/src/cmsis/vectors_stm32f401xc.o
 .debug_macro   0x000032fc       0x40 ./src/MDMA_prg.o
 .debug_macro   0x0000333c       0x22 ./src/MDMA_prg.o
 .debug_macro   0x0000335e       0x40 ./src/MEXTI_prg.o
 .debug_macro   0x0000339e       0x2e ./src/MEXTI_prg.o
 .debug_macro   0x000033cc       0x3f ./src/MGPIO_prg.o
 .debug_macro   0x0000340b       0x3a ./src/MGPIO_prg.o
 .debug_macro   0x00003445       0x3f ./src/MNVIC_prg.o
 .debug_macro   0x00003484       0x22 ./src/MNVIC_prg.o
 .debug_macro   0x000034a6       0x10 ./src/MNVIC_prg.o
 .debug_macro   0x000034b6       0x3e ./src/MRCC_prg.o
 .debug_macro   0x000034f4       0x64 ./src/MRCC_prg.o
 .debug_macro   0x00003558       0x16 ./src/MRCC_prg.o
 .debug_macro   0x0000356e       0x3f ./src/MSYSTICK_prg.o
 .debug_macro   0x000035ad       0x34 ./src/MSYSTICK_prg.o
 .debug_macro   0x000035e1       0x10 ./src/MSYSTICK_prg.o
 .debug_macro   0x000035f1       0x40 ./src/MUSART_prg.o
 .debug_macro   0x00003631       0x16 ./src/MUSART_prg.o
 .debug_macro   0x00003647       0x57 ./src/main.o
